                              1 ;--------------------------------------------------------
                              2 ; File Created by SDCC : free open source ANSI-C Compiler
                              3 ; Version 3.8.0 #10562 (Linux)
                              4 ;--------------------------------------------------------
                              5 	.module main
                              6 	.optsdcc -mz80
                              7 	
                              8 ;--------------------------------------------------------
                              9 ; Public variables in this module
                             10 ;--------------------------------------------------------
                             11 	.globl _main
                             12 	.globl _con_exit
                             13 	.globl _con_getc
                             14 	.globl _con_cls
                             15 	.globl _con_init
                             16 	.globl _game_splash_screen
                             17 	.globl _game_handleUndoMove
                             18 	.globl _game_displayHelp
                             19 	.globl _game_getResponse
                             20 	.globl _game_selectLevel
                             21 	.globl _game_handleKey
                             22 	.globl _game_displayLevel
                             23 	.globl _game_resetSprites
                             24 	.globl _game_initLevel
                             25 	.globl _game_sendTileData
                             26 	.globl _puts
                             27 ;--------------------------------------------------------
                             28 ; special function registers
                             29 ;--------------------------------------------------------
                             30 ;--------------------------------------------------------
                             31 ; ram data
                             32 ;--------------------------------------------------------
                             33 	.area _DATA
                             34 ;--------------------------------------------------------
                             35 ; ram data
                             36 ;--------------------------------------------------------
                             37 	.area _INITIALIZED
                             38 ;--------------------------------------------------------
                             39 ; absolute external ram data
                             40 ;--------------------------------------------------------
                             41 	.area _DABS (ABS)
                             42 ;--------------------------------------------------------
                             43 ; global & static initialisations
                             44 ;--------------------------------------------------------
                             45 	.area _HOME
                             46 	.area _GSINIT
                             47 	.area _GSFINAL
                             48 	.area _GSINIT
                             49 ;--------------------------------------------------------
                             50 ; Home
                             51 ;--------------------------------------------------------
                             52 	.area _HOME
                             53 	.area _HOME
                             54 ;--------------------------------------------------------
                             55 ; code
                             56 ;--------------------------------------------------------
                             57 	.area _CODE
                     0000    58 	G$main$0$0	= .
                             59 	.globl	G$main$0$0
                     0000    60 	C$main.c$8$0_0$49	= .
                             61 	.globl	C$main.c$8$0_0$49
                             62 ;main.c:8: int main(void) {
                             63 ;	---------------------------------
                             64 ; Function main
                             65 ; ---------------------------------
   0000                      66 _main::
   0000 DD E5         [15]   67 	push	ix
   0002 DD 21 00 00   [14]   68 	ld	ix,#0
   0006 DD 39         [15]   69 	add	ix,sp
   0008 3B            [ 6]   70 	dec	sp
                     0009    71 	C$main.c$10$2_0$49	= .
                             72 	.globl	C$main.c$10$2_0$49
                             73 ;main.c:10: int16_t levelnumber = 0;
   0009 01 00 00      [10]   74 	ld	bc, #0x0000
                     000C    75 	C$main.c$15$1_0$49	= .
                             76 	.globl	C$main.c$15$1_0$49
                             77 ;main.c:15: con_init();
   000C C5            [11]   78 	push	bc
   000D CDr00r00      [17]   79 	call	_con_init
   0010 CDr00r00      [17]   80 	call	_game_splash_screen
   0013 CDr00r00      [17]   81 	call	_game_sendTileData
   0016 C1            [10]   82 	pop	bc
                     0017    83 	C$main.c$21$5_0$53	= .
                             84 	.globl	C$main.c$21$5_0$53
                             85 ;main.c:21: while(levelnumber >= 0) {
   0017                      86 00119$:
   0017 CB 78         [ 8]   87 	bit	7, b
   0019 C2rE4r00      [10]   88 	jp	NZ, 00121$
                     001C    89 	C$main.c$22$2_0$50	= .
                             90 	.globl	C$main.c$22$2_0$50
                             91 ;main.c:22: levelnumber = game_selectLevel(levels, levelnumber); // returns -1 if abort, or valid number between 0-(levels-1)
   001C C5            [11]   92 	push	bc
   001D AF            [ 4]   93 	xor	a, a
   001E F5            [11]   94 	push	af
   001F 33            [ 6]   95 	inc	sp
   0020 CDr00r00      [17]   96 	call	_game_selectLevel
   0023 F1            [10]   97 	pop	af
   0024 33            [ 6]   98 	inc	sp
   0025 4D            [ 4]   99 	ld	c, l
   0026 44            [ 4]  100 	ld	b, h
                     0027   101 	C$main.c$23$2_0$50	= .
                            102 	.globl	C$main.c$23$2_0$50
                            103 ;main.c:23: if(levelnumber >= 0) {
   0027 CB 78         [ 8]  104 	bit	7, b
   0029 20 EC         [12]  105 	jr	NZ,00119$
                     002B   106 	C$main.c$25$3_0$51	= .
                            107 	.globl	C$main.c$25$3_0$51
                            108 ;main.c:25: ingame = true;
   002B DD 36 FF 01   [19]  109 	ld	-1 (ix), #0x01
                     002F   110 	C$main.c$26$3_0$51	= .
                            111 	.globl	C$main.c$26$3_0$51
                            112 ;main.c:26: con_cls();
   002F C5            [11]  113 	push	bc
   0030 CDr00r00      [17]  114 	call	_con_cls
   0033 C1            [10]  115 	pop	bc
                     0034   116 	C$main.c$27$3_0$51	= .
                            117 	.globl	C$main.c$27$3_0$51
                            118 ;main.c:27: game_initLevel(levelnumber);	// initialize playing field data from memory or disk
   0034 51            [ 4]  119 	ld	d, c
   0035 C5            [11]  120 	push	bc
   0036 D5            [11]  121 	push	de
   0037 33            [ 6]  122 	inc	sp
   0038 CDr00r00      [17]  123 	call	_game_initLevel
   003B 33            [ 6]  124 	inc	sp
   003C CDr00r00      [17]  125 	call	_game_displayLevel
   003F C1            [10]  126 	pop	bc
                     0040   127 	C$main.c$29$3_0$51	= .
                            128 	.globl	C$main.c$29$3_0$51
                            129 ;main.c:29: while(ingame) {
   0040                     130 00114$:
   0040 DD CB FF 46   [20]  131 	bit	0, -1 (ix)
   0044 28 D1         [12]  132 	jr	Z,00119$
                     0046   133 	C$main.c$30$4_0$52	= .
                            134 	.globl	C$main.c$30$4_0$52
                            135 ;main.c:30: key = con_getc();
   0046 C5            [11]  136 	push	bc
   0047 CDr00r00      [17]  137 	call	_con_getc
   004A 7D            [ 4]  138 	ld	a, l
   004B C1            [10]  139 	pop	bc
                     004C   140 	C$main.c$31$4_0$52	= .
                            141 	.globl	C$main.c$31$4_0$52
                            142 ;main.c:31: switch(key) {
   004C FE 1B         [ 7]  143 	cp	a, #0x1b
   004E 28 12         [12]  144 	jr	Z,00103$
   0050 FE 51         [ 7]  145 	cp	a, #0x51
   0052 28 0E         [12]  146 	jr	Z,00103$
   0054 FE 68         [ 7]  147 	cp	a, #0x68
   0056 28 37         [12]  148 	jr	Z,00106$
   0058 FE 71         [ 7]  149 	cp	a, #0x71
   005A 28 06         [12]  150 	jr	Z,00103$
   005C FE 75         [ 7]  151 	cp	a, #0x75
   005E 28 4A         [12]  152 	jr	Z,00107$
   0060 18 4F         [12]  153 	jr	00108$
                     0062   154 	C$main.c$34$5_0$53	= .
                            155 	.globl	C$main.c$34$5_0$53
                            156 ;main.c:34: case 27:
   0062                     157 00103$:
                     0062   158 	C$main.c$35$5_0$53	= .
                            159 	.globl	C$main.c$35$5_0$53
                            160 ;main.c:35: game_resetSprites();
   0062 C5            [11]  161 	push	bc
   0063 CDr00r00      [17]  162 	call	_game_resetSprites
   0066 11 79 6E      [10]  163 	ld	de, #0x6e79
   0069 D5            [11]  164 	push	de
   006A 21r5Cr03      [10]  165 	ld	hl, #___str_0
   006D E5            [11]  166 	push	hl
   006E CDr00r00      [17]  167 	call	_game_getResponse
   0071 F1            [10]  168 	pop	af
   0072 F1            [10]  169 	pop	af
   0073 7D            [ 4]  170 	ld	a, l
   0074 C1            [10]  171 	pop	bc
   0075 D6 79         [ 7]  172 	sub	a, #0x79
   0077 20 03         [12]  173 	jr	NZ, 00194$
   0079 3E 01         [ 7]  174 	ld	a, #0x01
   007B 20                  175 	.db	#0x20
   007C                     176 00194$:
   007C AF            [ 4]  177 	xor	a, a
   007D                     178 00195$:
   007D EE 01         [ 7]  179 	xor	a, #0x01
   007F DD 77 FF      [19]  180 	ld	-1 (ix), a
                     0082   181 	C$main.c$37$5_0$53	= .
                            182 	.globl	C$main.c$37$5_0$53
                            183 ;main.c:37: if(ingame) {
   0082 DD CB FF 46   [20]  184 	bit	0, -1 (ix)
   0086 28 B8         [12]  185 	jr	Z,00114$
                     0088   186 	C$main.c$38$6_0$54	= .
                            187 	.globl	C$main.c$38$6_0$54
                            188 ;main.c:38: game_displayLevel();
   0088 C5            [11]  189 	push	bc
   0089 CDr00r00      [17]  190 	call	_game_displayLevel
   008C C1            [10]  191 	pop	bc
                     008D   192 	C$main.c$40$5_0$53	= .
                            193 	.globl	C$main.c$40$5_0$53
                            194 ;main.c:40: break;
   008D 18 B1         [12]  195 	jr	00114$
                     008F   196 	C$main.c$41$5_0$53	= .
                            197 	.globl	C$main.c$41$5_0$53
                            198 ;main.c:41: case 'h':
   008F                     199 00106$:
                     008F   200 	C$main.c$42$5_0$53	= .
                            201 	.globl	C$main.c$42$5_0$53
                            202 ;main.c:42: game_resetSprites();
   008F C5            [11]  203 	push	bc
   0090 CDr00r00      [17]  204 	call	_game_resetSprites
   0093 CDr00r00      [17]  205 	call	_con_cls
   0096 11 1E 0D      [10]  206 	ld	de, #0x0d1e
   0099 D5            [11]  207 	push	de
   009A CDr00r00      [17]  208 	call	_game_displayHelp
   009D F1            [10]  209 	pop	af
   009E CDr00r00      [17]  210 	call	_con_getc
   00A1 CDr00r00      [17]  211 	call	_con_cls
   00A4 CDr00r00      [17]  212 	call	_game_displayLevel
   00A7 C1            [10]  213 	pop	bc
                     00A8   214 	C$main.c$48$5_0$53	= .
                            215 	.globl	C$main.c$48$5_0$53
                            216 ;main.c:48: break;
   00A8 18 96         [12]  217 	jr	00114$
                     00AA   218 	C$main.c$49$5_0$53	= .
                            219 	.globl	C$main.c$49$5_0$53
                            220 ;main.c:49: case 'u':
   00AA                     221 00107$:
                     00AA   222 	C$main.c$50$5_0$53	= .
                            223 	.globl	C$main.c$50$5_0$53
                            224 ;main.c:50: game_handleUndoMove();
   00AA C5            [11]  225 	push	bc
   00AB CDr00r00      [17]  226 	call	_game_handleUndoMove
   00AE C1            [10]  227 	pop	bc
                     00AF   228 	C$main.c$51$5_0$53	= .
                            229 	.globl	C$main.c$51$5_0$53
                            230 ;main.c:51: break;
   00AF 18 8F         [12]  231 	jr	00114$
                     00B1   232 	C$main.c$52$5_0$53	= .
                            233 	.globl	C$main.c$52$5_0$53
                            234 ;main.c:52: default:
   00B1                     235 00108$:
                     00B1   236 	C$main.c$53$5_0$53	= .
                            237 	.globl	C$main.c$53$5_0$53
                            238 ;main.c:53: ingame = !game_handleKey(key);	// handleKey returns TRUE when game is finished
   00B1 C5            [11]  239 	push	bc
   00B2 F5            [11]  240 	push	af
   00B3 33            [ 6]  241 	inc	sp
   00B4 CDr00r00      [17]  242 	call	_game_handleKey
   00B7 33            [ 6]  243 	inc	sp
   00B8 7D            [ 4]  244 	ld	a, l
   00B9 C1            [10]  245 	pop	bc
   00BA EE 01         [ 7]  246 	xor	a, #0x01
   00BC DD 77 FF      [19]  247 	ld	-1 (ix), a
                     00BF   248 	C$main.c$54$5_0$53	= .
                            249 	.globl	C$main.c$54$5_0$53
                            250 ;main.c:54: if(!ingame) {
   00BF DD CB FF 46   [20]  251 	bit	0, -1 (ix)
   00C3 C2r40r00      [10]  252 	jp	NZ, 00114$
                     00C6   253 	C$main.c$55$6_0$55	= .
                            254 	.globl	C$main.c$55$6_0$55
                            255 ;main.c:55: levelnumber++;
   00C6 03            [ 6]  256 	inc	bc
                     00C7   257 	C$main.c$56$6_0$55	= .
                            258 	.globl	C$main.c$56$6_0$55
                            259 ;main.c:56: if(levelnumber == levels) levelnumber = 0;
   00C7 79            [ 4]  260 	ld	a, c
   00C8 B7            [ 4]  261 	or	a, a
   00C9 B0            [ 4]  262 	or	a, b
   00CA 20 03         [12]  263 	jr	NZ,00110$
   00CC 01 00 00      [10]  264 	ld	bc, #0x0000
   00CF                     265 00110$:
                     00CF   266 	C$main.c$58$6_0$55	= .
                            267 	.globl	C$main.c$58$6_0$55
                            268 ;main.c:58: game_resetSprites();
   00CF C5            [11]  269 	push	bc
   00D0 CDr00r00      [17]  270 	call	_game_resetSprites
   00D3 11 0D 1B      [10]  271 	ld	de, #0x1b0d
   00D6 D5            [11]  272 	push	de
   00D7 21r75r03      [10]  273 	ld	hl, #___str_1
   00DA E5            [11]  274 	push	hl
   00DB CDr00r00      [17]  275 	call	_game_getResponse
   00DE F1            [10]  276 	pop	af
   00DF F1            [10]  277 	pop	af
   00E0 C1            [10]  278 	pop	bc
                     00E1   279 	C$main.c$62$3_0$51	= .
                            280 	.globl	C$main.c$62$3_0$51
                            281 ;main.c:62: }						
   00E1 C3r40r00      [10]  282 	jp	00114$
   00E4                     283 00121$:
                     00E4   284 	C$main.c$66$1_0$49	= .
                            285 	.globl	C$main.c$66$1_0$49
                            286 ;main.c:66: puts("Thank you for playing Sokoban\r\n");
   00E4 21r85r03      [10]  287 	ld	hl, #___str_2
   00E7 E5            [11]  288 	push	hl
   00E8 CDr00r00      [17]  289 	call	_puts
   00EB F1            [10]  290 	pop	af
                     00EC   291 	C$main.c$67$1_0$49	= .
                            292 	.globl	C$main.c$67$1_0$49
                            293 ;main.c:67: con_exit();
   00EC CDr00r00      [17]  294 	call	_con_exit
                     00EF   295 	C$main.c$68$1_0$49	= .
                            296 	.globl	C$main.c$68$1_0$49
                            297 ;main.c:68: return 0;
   00EF 21 00 00      [10]  298 	ld	hl, #0x0000
                     00F2   299 	C$main.c$69$1_0$49	= .
                            300 	.globl	C$main.c$69$1_0$49
                            301 ;main.c:69: }
   00F2 33            [ 6]  302 	inc	sp
   00F3 DD E1         [14]  303 	pop	ix
                     00F5   304 	C$main.c$69$1_0$49	= .
                            305 	.globl	C$main.c$69$1_0$49
                     00F5   306 	XG$main$0$0	= .
                            307 	.globl	XG$main$0$0
   00F5 C9            [10]  308 	ret
                     00F6   309 Fmain$levels$0_0$0 == .
   00F6                     310 _levels:
   00F6 02                  311 	.db #0x02	; 2
   00F7 01                  312 	.db #0x01	; 1
   00F8 08                  313 	.db #0x08	; 8
   00F9 06                  314 	.db #0x06	; 6
   00FA 02                  315 	.db #0x02	; 2
   00FB 01                  316 	.db #0x01	; 1
   00FC 02                  317 	.db #0x02	; 2
   00FD 23                  318 	.db #0x23	; 35
   00FE 23                  319 	.db #0x23	; 35
   00FF 23                  320 	.db #0x23	; 35
   0100 23                  321 	.db #0x23	; 35
   0101 23                  322 	.db #0x23	; 35
   0102 23                  323 	.db #0x23	; 35
   0103 23                  324 	.db #0x23	; 35
   0104 23                  325 	.db #0x23	; 35
   0105 00                  326 	.db #0x00	; 0
   0106 00                  327 	.db #0x00	; 0
   0107 00                  328 	.db #0x00	; 0
   0108 00                  329 	.db #0x00	; 0
   0109 00                  330 	.db #0x00	; 0
   010A 00                  331 	.db #0x00	; 0
   010B 00                  332 	.db #0x00	; 0
   010C 00                  333 	.db #0x00	; 0
   010D 00                  334 	.db #0x00	; 0
   010E 00                  335 	.db #0x00	; 0
   010F 00                  336 	.db #0x00	; 0
   0110 00                  337 	.db #0x00	; 0
   0111 23                  338 	.db #0x23	; 35
   0112 20                  339 	.db #0x20	; 32
   0113 40                  340 	.db #0x40	; 64
   0114 20                  341 	.db #0x20	; 32
   0115 20                  342 	.db #0x20	; 32
   0116 20                  343 	.db #0x20	; 32
   0117 20                  344 	.db #0x20	; 32
   0118 23                  345 	.db #0x23	; 35
   0119 00                  346 	.db #0x00	; 0
   011A 00                  347 	.db #0x00	; 0
   011B 00                  348 	.db #0x00	; 0
   011C 00                  349 	.db #0x00	; 0
   011D 00                  350 	.db #0x00	; 0
   011E 00                  351 	.db #0x00	; 0
   011F 00                  352 	.db #0x00	; 0
   0120 00                  353 	.db #0x00	; 0
   0121 00                  354 	.db #0x00	; 0
   0122 00                  355 	.db #0x00	; 0
   0123 00                  356 	.db #0x00	; 0
   0124 00                  357 	.db #0x00	; 0
   0125 23                  358 	.db #0x23	; 35
   0126 20                  359 	.db #0x20	; 32
   0127 24                  360 	.db #0x24	; 36
   0128 20                  361 	.db #0x20	; 32
   0129 20                  362 	.db #0x20	; 32
   012A 2A                  363 	.db #0x2a	; 42
   012B 20                  364 	.db #0x20	; 32
   012C 23                  365 	.db #0x23	; 35
   012D 00                  366 	.db #0x00	; 0
   012E 00                  367 	.db #0x00	; 0
   012F 00                  368 	.db #0x00	; 0
   0130 00                  369 	.db #0x00	; 0
   0131 00                  370 	.db #0x00	; 0
   0132 00                  371 	.db #0x00	; 0
   0133 00                  372 	.db #0x00	; 0
   0134 00                  373 	.db #0x00	; 0
   0135 00                  374 	.db #0x00	; 0
   0136 00                  375 	.db #0x00	; 0
   0137 00                  376 	.db #0x00	; 0
   0138 00                  377 	.db #0x00	; 0
   0139 23                  378 	.db #0x23	; 35
   013A 20                  379 	.db #0x20	; 32
   013B 20                  380 	.db #0x20	; 32
   013C 20                  381 	.db #0x20	; 32
   013D 20                  382 	.db #0x20	; 32
   013E 20                  383 	.db #0x20	; 32
   013F 20                  384 	.db #0x20	; 32
   0140 23                  385 	.db #0x23	; 35
   0141 00                  386 	.db #0x00	; 0
   0142 00                  387 	.db #0x00	; 0
   0143 00                  388 	.db #0x00	; 0
   0144 00                  389 	.db #0x00	; 0
   0145 00                  390 	.db #0x00	; 0
   0146 00                  391 	.db #0x00	; 0
   0147 00                  392 	.db #0x00	; 0
   0148 00                  393 	.db #0x00	; 0
   0149 00                  394 	.db #0x00	; 0
   014A 00                  395 	.db #0x00	; 0
   014B 00                  396 	.db #0x00	; 0
   014C 00                  397 	.db #0x00	; 0
   014D 23                  398 	.db #0x23	; 35
   014E 20                  399 	.db #0x20	; 32
   014F 20                  400 	.db #0x20	; 32
   0150 2E                  401 	.db #0x2e	; 46
   0151 20                  402 	.db #0x20	; 32
   0152 20                  403 	.db #0x20	; 32
   0153 20                  404 	.db #0x20	; 32
   0154 23                  405 	.db #0x23	; 35
   0155 00                  406 	.db #0x00	; 0
   0156 00                  407 	.db #0x00	; 0
   0157 00                  408 	.db #0x00	; 0
   0158 00                  409 	.db #0x00	; 0
   0159 00                  410 	.db #0x00	; 0
   015A 00                  411 	.db #0x00	; 0
   015B 00                  412 	.db #0x00	; 0
   015C 00                  413 	.db #0x00	; 0
   015D 00                  414 	.db #0x00	; 0
   015E 00                  415 	.db #0x00	; 0
   015F 00                  416 	.db #0x00	; 0
   0160 00                  417 	.db #0x00	; 0
   0161 23                  418 	.db #0x23	; 35
   0162 23                  419 	.db #0x23	; 35
   0163 23                  420 	.db #0x23	; 35
   0164 23                  421 	.db #0x23	; 35
   0165 23                  422 	.db #0x23	; 35
   0166 23                  423 	.db #0x23	; 35
   0167 23                  424 	.db #0x23	; 35
   0168 23                  425 	.db #0x23	; 35
   0169 00                  426 	.db #0x00	; 0
   016A 00                  427 	.db #0x00	; 0
   016B 00                  428 	.db #0x00	; 0
   016C 00                  429 	.db #0x00	; 0
   016D 00                  430 	.db #0x00	; 0
   016E 00                  431 	.db #0x00	; 0
   016F 00                  432 	.db #0x00	; 0
   0170 00                  433 	.db #0x00	; 0
   0171 00                  434 	.db #0x00	; 0
   0172 00                  435 	.db #0x00	; 0
   0173 00                  436 	.db #0x00	; 0
   0174 00                  437 	.db #0x00	; 0
   0175 00                  438 	.db #0x00	; 0
   0176 00                  439 	.db #0x00	; 0
   0177 00                  440 	.db #0x00	; 0
   0178 00                  441 	.db #0x00	; 0
   0179 00                  442 	.db #0x00	; 0
   017A 00                  443 	.db #0x00	; 0
   017B 00                  444 	.db #0x00	; 0
   017C 00                  445 	.db #0x00	; 0
   017D 00                  446 	.db #0x00	; 0
   017E 00                  447 	.db #0x00	; 0
   017F 00                  448 	.db #0x00	; 0
   0180 00                  449 	.db #0x00	; 0
   0181 00                  450 	.db #0x00	; 0
   0182 00                  451 	.db #0x00	; 0
   0183 00                  452 	.db #0x00	; 0
   0184 00                  453 	.db #0x00	; 0
   0185 00                  454 	.db #0x00	; 0
   0186 00                  455 	.db #0x00	; 0
   0187 00                  456 	.db #0x00	; 0
   0188 00                  457 	.db #0x00	; 0
   0189 00                  458 	.db #0x00	; 0
   018A 00                  459 	.db #0x00	; 0
   018B 00                  460 	.db #0x00	; 0
   018C 00                  461 	.db #0x00	; 0
   018D 00                  462 	.db #0x00	; 0
   018E 00                  463 	.db #0x00	; 0
   018F 00                  464 	.db #0x00	; 0
   0190 00                  465 	.db #0x00	; 0
   0191 00                  466 	.db #0x00	; 0
   0192 00                  467 	.db #0x00	; 0
   0193 00                  468 	.db #0x00	; 0
   0194 00                  469 	.db #0x00	; 0
   0195 00                  470 	.db #0x00	; 0
   0196 00                  471 	.db #0x00	; 0
   0197 00                  472 	.db #0x00	; 0
   0198 00                  473 	.db #0x00	; 0
   0199 00                  474 	.db #0x00	; 0
   019A 00                  475 	.db #0x00	; 0
   019B 00                  476 	.db #0x00	; 0
   019C 00                  477 	.db #0x00	; 0
   019D 00                  478 	.db #0x00	; 0
   019E 00                  479 	.db #0x00	; 0
   019F 00                  480 	.db #0x00	; 0
   01A0 00                  481 	.db #0x00	; 0
   01A1 00                  482 	.db #0x00	; 0
   01A2 00                  483 	.db #0x00	; 0
   01A3 00                  484 	.db #0x00	; 0
   01A4 00                  485 	.db #0x00	; 0
   01A5 00                  486 	.db #0x00	; 0
   01A6 00                  487 	.db #0x00	; 0
   01A7 00                  488 	.db #0x00	; 0
   01A8 00                  489 	.db #0x00	; 0
   01A9 00                  490 	.db #0x00	; 0
   01AA 00                  491 	.db #0x00	; 0
   01AB 00                  492 	.db #0x00	; 0
   01AC 00                  493 	.db #0x00	; 0
   01AD 00                  494 	.db #0x00	; 0
   01AE 00                  495 	.db #0x00	; 0
   01AF 00                  496 	.db #0x00	; 0
   01B0 00                  497 	.db #0x00	; 0
   01B1 00                  498 	.db #0x00	; 0
   01B2 00                  499 	.db #0x00	; 0
   01B3 00                  500 	.db #0x00	; 0
   01B4 00                  501 	.db #0x00	; 0
   01B5 00                  502 	.db #0x00	; 0
   01B6 00                  503 	.db #0x00	; 0
   01B7 00                  504 	.db #0x00	; 0
   01B8 00                  505 	.db #0x00	; 0
   01B9 00                  506 	.db #0x00	; 0
   01BA 00                  507 	.db #0x00	; 0
   01BB 00                  508 	.db #0x00	; 0
   01BC 00                  509 	.db #0x00	; 0
   01BD 00                  510 	.db #0x00	; 0
   01BE 00                  511 	.db #0x00	; 0
   01BF 00                  512 	.db #0x00	; 0
   01C0 00                  513 	.db #0x00	; 0
   01C1 00                  514 	.db #0x00	; 0
   01C2 00                  515 	.db #0x00	; 0
   01C3 00                  516 	.db #0x00	; 0
   01C4 00                  517 	.db #0x00	; 0
   01C5 00                  518 	.db #0x00	; 0
   01C6 00                  519 	.db #0x00	; 0
   01C7 00                  520 	.db #0x00	; 0
   01C8 00                  521 	.db #0x00	; 0
   01C9 00                  522 	.db #0x00	; 0
   01CA 00                  523 	.db #0x00	; 0
   01CB 00                  524 	.db #0x00	; 0
   01CC 00                  525 	.db #0x00	; 0
   01CD 00                  526 	.db #0x00	; 0
   01CE 00                  527 	.db #0x00	; 0
   01CF 00                  528 	.db #0x00	; 0
   01D0 00                  529 	.db #0x00	; 0
   01D1 00                  530 	.db #0x00	; 0
   01D2 00                  531 	.db #0x00	; 0
   01D3 00                  532 	.db #0x00	; 0
   01D4 00                  533 	.db #0x00	; 0
   01D5 00                  534 	.db #0x00	; 0
   01D6 00                  535 	.db #0x00	; 0
   01D7 00                  536 	.db #0x00	; 0
   01D8 00                  537 	.db #0x00	; 0
   01D9 00                  538 	.db #0x00	; 0
   01DA 00                  539 	.db #0x00	; 0
   01DB 00                  540 	.db #0x00	; 0
   01DC 00                  541 	.db #0x00	; 0
   01DD 00                  542 	.db #0x00	; 0
   01DE 00                  543 	.db #0x00	; 0
   01DF 00                  544 	.db #0x00	; 0
   01E0 00                  545 	.db #0x00	; 0
   01E1 00                  546 	.db #0x00	; 0
   01E2 00                  547 	.db #0x00	; 0
   01E3 00                  548 	.db #0x00	; 0
   01E4 00                  549 	.db #0x00	; 0
   01E5 00                  550 	.db #0x00	; 0
   01E6 00                  551 	.db #0x00	; 0
   01E7 00                  552 	.db #0x00	; 0
   01E8 00                  553 	.db #0x00	; 0
   01E9 00                  554 	.db #0x00	; 0
   01EA 00                  555 	.db #0x00	; 0
   01EB 00                  556 	.db #0x00	; 0
   01EC 00                  557 	.db #0x00	; 0
   01ED 00                  558 	.db #0x00	; 0
   01EE 00                  559 	.db #0x00	; 0
   01EF 00                  560 	.db #0x00	; 0
   01F0 00                  561 	.db #0x00	; 0
   01F1 00                  562 	.db #0x00	; 0
   01F2 00                  563 	.db #0x00	; 0
   01F3 00                  564 	.db #0x00	; 0
   01F4 00                  565 	.db #0x00	; 0
   01F5 00                  566 	.db #0x00	; 0
   01F6 00                  567 	.db #0x00	; 0
   01F7 00                  568 	.db #0x00	; 0
   01F8 00                  569 	.db #0x00	; 0
   01F9 00                  570 	.db #0x00	; 0
   01FA 00                  571 	.db #0x00	; 0
   01FB 00                  572 	.db #0x00	; 0
   01FC 00                  573 	.db #0x00	; 0
   01FD 00                  574 	.db #0x00	; 0
   01FE 00                  575 	.db #0x00	; 0
   01FF 00                  576 	.db #0x00	; 0
   0200 00                  577 	.db #0x00	; 0
   0201 00                  578 	.db #0x00	; 0
   0202 00                  579 	.db #0x00	; 0
   0203 00                  580 	.db #0x00	; 0
   0204 00                  581 	.db #0x00	; 0
   0205 00                  582 	.db #0x00	; 0
   0206 00                  583 	.db #0x00	; 0
   0207 00                  584 	.db #0x00	; 0
   0208 00                  585 	.db #0x00	; 0
   0209 00                  586 	.db #0x00	; 0
   020A 00                  587 	.db #0x00	; 0
   020B 00                  588 	.db #0x00	; 0
   020C 00                  589 	.db #0x00	; 0
   020D 00                  590 	.db #0x00	; 0
   020E 00                  591 	.db #0x00	; 0
   020F 00                  592 	.db #0x00	; 0
   0210 00                  593 	.db #0x00	; 0
   0211 00                  594 	.db #0x00	; 0
   0212 00                  595 	.db #0x00	; 0
   0213 00                  596 	.db #0x00	; 0
   0214 00                  597 	.db #0x00	; 0
   0215 00                  598 	.db #0x00	; 0
   0216 00                  599 	.db #0x00	; 0
   0217 00                  600 	.db #0x00	; 0
   0218 00                  601 	.db #0x00	; 0
   0219 00                  602 	.db #0x00	; 0
   021A 00                  603 	.db #0x00	; 0
   021B 00                  604 	.db #0x00	; 0
   021C 00                  605 	.db #0x00	; 0
   021D 00                  606 	.db #0x00	; 0
   021E 00                  607 	.db #0x00	; 0
   021F 00                  608 	.db #0x00	; 0
   0220 00                  609 	.db #0x00	; 0
   0221 00                  610 	.db #0x00	; 0
   0222 00                  611 	.db #0x00	; 0
   0223 00                  612 	.db #0x00	; 0
   0224 00                  613 	.db #0x00	; 0
   0225 00                  614 	.db #0x00	; 0
   0226 00                  615 	.db #0x00	; 0
   0227 00                  616 	.db #0x00	; 0
   0228 00                  617 	.db #0x00	; 0
   0229 02                  618 	.db #0x02	; 2
   022A 01                  619 	.db #0x01	; 1
   022B 08                  620 	.db #0x08	; 8
   022C 06                  621 	.db #0x06	; 6
   022D 03                  622 	.db #0x03	; 3
   022E 02                  623 	.db #0x02	; 2
   022F 03                  624 	.db #0x03	; 3
   0230 23                  625 	.db #0x23	; 35
   0231 23                  626 	.db #0x23	; 35
   0232 23                  627 	.db #0x23	; 35
   0233 23                  628 	.db #0x23	; 35
   0234 23                  629 	.db #0x23	; 35
   0235 23                  630 	.db #0x23	; 35
   0236 23                  631 	.db #0x23	; 35
   0237 23                  632 	.db #0x23	; 35
   0238 00                  633 	.db #0x00	; 0
   0239 00                  634 	.db #0x00	; 0
   023A 00                  635 	.db #0x00	; 0
   023B 00                  636 	.db #0x00	; 0
   023C 00                  637 	.db #0x00	; 0
   023D 00                  638 	.db #0x00	; 0
   023E 00                  639 	.db #0x00	; 0
   023F 00                  640 	.db #0x00	; 0
   0240 00                  641 	.db #0x00	; 0
   0241 00                  642 	.db #0x00	; 0
   0242 00                  643 	.db #0x00	; 0
   0243 00                  644 	.db #0x00	; 0
   0244 23                  645 	.db #0x23	; 35
   0245 20                  646 	.db #0x20	; 32
   0246 40                  647 	.db #0x40	; 64
   0247 20                  648 	.db #0x20	; 32
   0248 20                  649 	.db #0x20	; 32
   0249 20                  650 	.db #0x20	; 32
   024A 20                  651 	.db #0x20	; 32
   024B 23                  652 	.db #0x23	; 35
   024C 00                  653 	.db #0x00	; 0
   024D 00                  654 	.db #0x00	; 0
   024E 00                  655 	.db #0x00	; 0
   024F 00                  656 	.db #0x00	; 0
   0250 00                  657 	.db #0x00	; 0
   0251 00                  658 	.db #0x00	; 0
   0252 00                  659 	.db #0x00	; 0
   0253 00                  660 	.db #0x00	; 0
   0254 00                  661 	.db #0x00	; 0
   0255 00                  662 	.db #0x00	; 0
   0256 00                  663 	.db #0x00	; 0
   0257 00                  664 	.db #0x00	; 0
   0258 23                  665 	.db #0x23	; 35
   0259 20                  666 	.db #0x20	; 32
   025A 24                  667 	.db #0x24	; 36
   025B 20                  668 	.db #0x20	; 32
   025C 20                  669 	.db #0x20	; 32
   025D 2A                  670 	.db #0x2a	; 42
   025E 20                  671 	.db #0x20	; 32
   025F 23                  672 	.db #0x23	; 35
   0260 00                  673 	.db #0x00	; 0
   0261 00                  674 	.db #0x00	; 0
   0262 00                  675 	.db #0x00	; 0
   0263 00                  676 	.db #0x00	; 0
   0264 00                  677 	.db #0x00	; 0
   0265 00                  678 	.db #0x00	; 0
   0266 00                  679 	.db #0x00	; 0
   0267 00                  680 	.db #0x00	; 0
   0268 00                  681 	.db #0x00	; 0
   0269 00                  682 	.db #0x00	; 0
   026A 00                  683 	.db #0x00	; 0
   026B 00                  684 	.db #0x00	; 0
   026C 23                  685 	.db #0x23	; 35
   026D 20                  686 	.db #0x20	; 32
   026E 20                  687 	.db #0x20	; 32
   026F 20                  688 	.db #0x20	; 32
   0270 20                  689 	.db #0x20	; 32
   0271 2A                  690 	.db #0x2a	; 42
   0272 20                  691 	.db #0x20	; 32
   0273 23                  692 	.db #0x23	; 35
   0274 00                  693 	.db #0x00	; 0
   0275 00                  694 	.db #0x00	; 0
   0276 00                  695 	.db #0x00	; 0
   0277 00                  696 	.db #0x00	; 0
   0278 00                  697 	.db #0x00	; 0
   0279 00                  698 	.db #0x00	; 0
   027A 00                  699 	.db #0x00	; 0
   027B 00                  700 	.db #0x00	; 0
   027C 00                  701 	.db #0x00	; 0
   027D 00                  702 	.db #0x00	; 0
   027E 00                  703 	.db #0x00	; 0
   027F 00                  704 	.db #0x00	; 0
   0280 23                  705 	.db #0x23	; 35
   0281 20                  706 	.db #0x20	; 32
   0282 20                  707 	.db #0x20	; 32
   0283 2E                  708 	.db #0x2e	; 46
   0284 20                  709 	.db #0x20	; 32
   0285 20                  710 	.db #0x20	; 32
   0286 20                  711 	.db #0x20	; 32
   0287 23                  712 	.db #0x23	; 35
   0288 00                  713 	.db #0x00	; 0
   0289 00                  714 	.db #0x00	; 0
   028A 00                  715 	.db #0x00	; 0
   028B 00                  716 	.db #0x00	; 0
   028C 00                  717 	.db #0x00	; 0
   028D 00                  718 	.db #0x00	; 0
   028E 00                  719 	.db #0x00	; 0
   028F 00                  720 	.db #0x00	; 0
   0290 00                  721 	.db #0x00	; 0
   0291 00                  722 	.db #0x00	; 0
   0292 00                  723 	.db #0x00	; 0
   0293 00                  724 	.db #0x00	; 0
   0294 23                  725 	.db #0x23	; 35
   0295 23                  726 	.db #0x23	; 35
   0296 23                  727 	.db #0x23	; 35
   0297 23                  728 	.db #0x23	; 35
   0298 23                  729 	.db #0x23	; 35
   0299 23                  730 	.db #0x23	; 35
   029A 23                  731 	.db #0x23	; 35
   029B 23                  732 	.db #0x23	; 35
   029C 00                  733 	.db #0x00	; 0
   029D 00                  734 	.db #0x00	; 0
   029E 00                  735 	.db #0x00	; 0
   029F 00                  736 	.db #0x00	; 0
   02A0 00                  737 	.db #0x00	; 0
   02A1 00                  738 	.db #0x00	; 0
   02A2 00                  739 	.db #0x00	; 0
   02A3 00                  740 	.db #0x00	; 0
   02A4 00                  741 	.db #0x00	; 0
   02A5 00                  742 	.db #0x00	; 0
   02A6 00                  743 	.db #0x00	; 0
   02A7 00                  744 	.db #0x00	; 0
   02A8 00                  745 	.db #0x00	; 0
   02A9 00                  746 	.db #0x00	; 0
   02AA 00                  747 	.db #0x00	; 0
   02AB 00                  748 	.db #0x00	; 0
   02AC 00                  749 	.db #0x00	; 0
   02AD 00                  750 	.db #0x00	; 0
   02AE 00                  751 	.db #0x00	; 0
   02AF 00                  752 	.db #0x00	; 0
   02B0 00                  753 	.db #0x00	; 0
   02B1 00                  754 	.db #0x00	; 0
   02B2 00                  755 	.db #0x00	; 0
   02B3 00                  756 	.db #0x00	; 0
   02B4 00                  757 	.db #0x00	; 0
   02B5 00                  758 	.db #0x00	; 0
   02B6 00                  759 	.db #0x00	; 0
   02B7 00                  760 	.db #0x00	; 0
   02B8 00                  761 	.db #0x00	; 0
   02B9 00                  762 	.db #0x00	; 0
   02BA 00                  763 	.db #0x00	; 0
   02BB 00                  764 	.db #0x00	; 0
   02BC 00                  765 	.db #0x00	; 0
   02BD 00                  766 	.db #0x00	; 0
   02BE 00                  767 	.db #0x00	; 0
   02BF 00                  768 	.db #0x00	; 0
   02C0 00                  769 	.db #0x00	; 0
   02C1 00                  770 	.db #0x00	; 0
   02C2 00                  771 	.db #0x00	; 0
   02C3 00                  772 	.db #0x00	; 0
   02C4 00                  773 	.db #0x00	; 0
   02C5 00                  774 	.db #0x00	; 0
   02C6 00                  775 	.db #0x00	; 0
   02C7 00                  776 	.db #0x00	; 0
   02C8 00                  777 	.db #0x00	; 0
   02C9 00                  778 	.db #0x00	; 0
   02CA 00                  779 	.db #0x00	; 0
   02CB 00                  780 	.db #0x00	; 0
   02CC 00                  781 	.db #0x00	; 0
   02CD 00                  782 	.db #0x00	; 0
   02CE 00                  783 	.db #0x00	; 0
   02CF 00                  784 	.db #0x00	; 0
   02D0 00                  785 	.db #0x00	; 0
   02D1 00                  786 	.db #0x00	; 0
   02D2 00                  787 	.db #0x00	; 0
   02D3 00                  788 	.db #0x00	; 0
   02D4 00                  789 	.db #0x00	; 0
   02D5 00                  790 	.db #0x00	; 0
   02D6 00                  791 	.db #0x00	; 0
   02D7 00                  792 	.db #0x00	; 0
   02D8 00                  793 	.db #0x00	; 0
   02D9 00                  794 	.db #0x00	; 0
   02DA 00                  795 	.db #0x00	; 0
   02DB 00                  796 	.db #0x00	; 0
   02DC 00                  797 	.db #0x00	; 0
   02DD 00                  798 	.db #0x00	; 0
   02DE 00                  799 	.db #0x00	; 0
   02DF 00                  800 	.db #0x00	; 0
   02E0 00                  801 	.db #0x00	; 0
   02E1 00                  802 	.db #0x00	; 0
   02E2 00                  803 	.db #0x00	; 0
   02E3 00                  804 	.db #0x00	; 0
   02E4 00                  805 	.db #0x00	; 0
   02E5 00                  806 	.db #0x00	; 0
   02E6 00                  807 	.db #0x00	; 0
   02E7 00                  808 	.db #0x00	; 0
   02E8 00                  809 	.db #0x00	; 0
   02E9 00                  810 	.db #0x00	; 0
   02EA 00                  811 	.db #0x00	; 0
   02EB 00                  812 	.db #0x00	; 0
   02EC 00                  813 	.db #0x00	; 0
   02ED 00                  814 	.db #0x00	; 0
   02EE 00                  815 	.db #0x00	; 0
   02EF 00                  816 	.db #0x00	; 0
   02F0 00                  817 	.db #0x00	; 0
   02F1 00                  818 	.db #0x00	; 0
   02F2 00                  819 	.db #0x00	; 0
   02F3 00                  820 	.db #0x00	; 0
   02F4 00                  821 	.db #0x00	; 0
   02F5 00                  822 	.db #0x00	; 0
   02F6 00                  823 	.db #0x00	; 0
   02F7 00                  824 	.db #0x00	; 0
   02F8 00                  825 	.db #0x00	; 0
   02F9 00                  826 	.db #0x00	; 0
   02FA 00                  827 	.db #0x00	; 0
   02FB 00                  828 	.db #0x00	; 0
   02FC 00                  829 	.db #0x00	; 0
   02FD 00                  830 	.db #0x00	; 0
   02FE 00                  831 	.db #0x00	; 0
   02FF 00                  832 	.db #0x00	; 0
   0300 00                  833 	.db #0x00	; 0
   0301 00                  834 	.db #0x00	; 0
   0302 00                  835 	.db #0x00	; 0
   0303 00                  836 	.db #0x00	; 0
   0304 00                  837 	.db #0x00	; 0
   0305 00                  838 	.db #0x00	; 0
   0306 00                  839 	.db #0x00	; 0
   0307 00                  840 	.db #0x00	; 0
   0308 00                  841 	.db #0x00	; 0
   0309 00                  842 	.db #0x00	; 0
   030A 00                  843 	.db #0x00	; 0
   030B 00                  844 	.db #0x00	; 0
   030C 00                  845 	.db #0x00	; 0
   030D 00                  846 	.db #0x00	; 0
   030E 00                  847 	.db #0x00	; 0
   030F 00                  848 	.db #0x00	; 0
   0310 00                  849 	.db #0x00	; 0
   0311 00                  850 	.db #0x00	; 0
   0312 00                  851 	.db #0x00	; 0
   0313 00                  852 	.db #0x00	; 0
   0314 00                  853 	.db #0x00	; 0
   0315 00                  854 	.db #0x00	; 0
   0316 00                  855 	.db #0x00	; 0
   0317 00                  856 	.db #0x00	; 0
   0318 00                  857 	.db #0x00	; 0
   0319 00                  858 	.db #0x00	; 0
   031A 00                  859 	.db #0x00	; 0
   031B 00                  860 	.db #0x00	; 0
   031C 00                  861 	.db #0x00	; 0
   031D 00                  862 	.db #0x00	; 0
   031E 00                  863 	.db #0x00	; 0
   031F 00                  864 	.db #0x00	; 0
   0320 00                  865 	.db #0x00	; 0
   0321 00                  866 	.db #0x00	; 0
   0322 00                  867 	.db #0x00	; 0
   0323 00                  868 	.db #0x00	; 0
   0324 00                  869 	.db #0x00	; 0
   0325 00                  870 	.db #0x00	; 0
   0326 00                  871 	.db #0x00	; 0
   0327 00                  872 	.db #0x00	; 0
   0328 00                  873 	.db #0x00	; 0
   0329 00                  874 	.db #0x00	; 0
   032A 00                  875 	.db #0x00	; 0
   032B 00                  876 	.db #0x00	; 0
   032C 00                  877 	.db #0x00	; 0
   032D 00                  878 	.db #0x00	; 0
   032E 00                  879 	.db #0x00	; 0
   032F 00                  880 	.db #0x00	; 0
   0330 00                  881 	.db #0x00	; 0
   0331 00                  882 	.db #0x00	; 0
   0332 00                  883 	.db #0x00	; 0
   0333 00                  884 	.db #0x00	; 0
   0334 00                  885 	.db #0x00	; 0
   0335 00                  886 	.db #0x00	; 0
   0336 00                  887 	.db #0x00	; 0
   0337 00                  888 	.db #0x00	; 0
   0338 00                  889 	.db #0x00	; 0
   0339 00                  890 	.db #0x00	; 0
   033A 00                  891 	.db #0x00	; 0
   033B 00                  892 	.db #0x00	; 0
   033C 00                  893 	.db #0x00	; 0
   033D 00                  894 	.db #0x00	; 0
   033E 00                  895 	.db #0x00	; 0
   033F 00                  896 	.db #0x00	; 0
   0340 00                  897 	.db #0x00	; 0
   0341 00                  898 	.db #0x00	; 0
   0342 00                  899 	.db #0x00	; 0
   0343 00                  900 	.db #0x00	; 0
   0344 00                  901 	.db #0x00	; 0
   0345 00                  902 	.db #0x00	; 0
   0346 00                  903 	.db #0x00	; 0
   0347 00                  904 	.db #0x00	; 0
   0348 00                  905 	.db #0x00	; 0
   0349 00                  906 	.db #0x00	; 0
   034A 00                  907 	.db #0x00	; 0
   034B 00                  908 	.db #0x00	; 0
   034C 00                  909 	.db #0x00	; 0
   034D 00                  910 	.db #0x00	; 0
   034E 00                  911 	.db #0x00	; 0
   034F 00                  912 	.db #0x00	; 0
   0350 00                  913 	.db #0x00	; 0
   0351 00                  914 	.db #0x00	; 0
   0352 00                  915 	.db #0x00	; 0
   0353 00                  916 	.db #0x00	; 0
   0354 00                  917 	.db #0x00	; 0
   0355 00                  918 	.db #0x00	; 0
   0356 00                  919 	.db #0x00	; 0
   0357 00                  920 	.db #0x00	; 0
   0358 00                  921 	.db #0x00	; 0
   0359 00                  922 	.db #0x00	; 0
   035A 00                  923 	.db #0x00	; 0
   035B 00                  924 	.db #0x00	; 0
                     035C   925 Fmain$__str_0$0_0$0 == .
   035C                     926 ___str_0:
   035C 52 65 61 6C 6C 79   927 	.ascii "Really QUIT level (y/n)?"
        20 51 55 49 54 20
        6C 65 76 65 6C 20
        28 79 2F 6E 29 3F
   0374 00                  928 	.db 0x00
                     0375   929 Fmain$__str_1$0_0$0 == .
   0375                     930 ___str_1:
   0375 4C 65 76 65 6C 20   931 	.ascii "Level complete!"
        63 6F 6D 70 6C 65
        74 65 21
   0384 00                  932 	.db 0x00
                     0385   933 Fmain$__str_2$0_0$0 == .
   0385                     934 ___str_2:
   0385 54 68 61 6E 6B 20   935 	.ascii "Thank you for playing Sokoban"
        79 6F 75 20 66 6F
        72 20 70 6C 61 79
        69 6E 67 20 53 6F
        6B 6F 62 61 6E
   03A2 0D                  936 	.db 0x0d
   03A3 0A                  937 	.db 0x0a
   03A4 00                  938 	.db 0x00
                            939 	.area _CODE
                            940 	.area _INITIALIZER
                            941 	.area _CABS (ABS)
