ASxxxx Linker V03.00 + NoICE + sdld,  page 1.
Hexadecimal  [32-Bits]

Area                                    Addr        Size        Decimal Bytes (Attributes)
--------------------------------        ----        ----        ------- ----- ------------
.  .ABS.                            00000000    00000000 =           0. bytes (ABS,CON)

      Value  Global                              Global Defined In Module
      -----  --------------------------------   ------------------------
     00000000  .__.ABS.                           
     00000000  l__CABS                         
     00000000  l__DABS                         
     00000000  l__HEAP                         
     00000000  l__HOME                         
     00000000  l__INITFINAL                    
     00000000  s__CABS                         
     00000000  s__DABS                         
     00000001  l__GSFINAL                      
     0000000F  l__GSINIT                       
     000000C0  l__INITIALIZED                  
     000000C0  l__INITIALIZER                  
     00000205  s__CODE                         
     0000076A  l__DATA                         
     00000802  l__BSS                          
     00001EAC  l__CODE                         
     00002000  s__DATA                         
     000020B1  s__GSINIT                       
     000020C0  s__GSFINAL                      
     000020C1  s__HOME                         
     000020C1  s__INITIALIZER                  
     00002181  s__INITFINAL                    
     00002181  s__INITIALIZED                  
     0000276A  s__BSS                          
     00002F6C  s__HEAP                         

ASxxxx Linker V03.00 + NoICE + sdld,  page 2.
Hexadecimal  [32-Bits]

Area                                    Addr        Size        Decimal Bytes (Attributes)
--------------------------------        ----        ----        ------- ----- ------------
_CODE                               00000205    00001EAC =        7852. bytes (REL,CON)

      Value  Global                              Global Defined In Module
      -----  --------------------------------   ------------------------
     00000233  A$main$67                          main
     00000233  C$main.c$8$0_0$49                  main
     00000233  G$main$0$0                         main
     00000233  _main                              main
     00000235  A$main$68                          main
     00000239  A$main$69                          main
     0000023B  A$main$70                          main
     0000023C  A$main$74                          main
     0000023C  C$main.c$10$2_0$49                 main
     0000023F  A$main$78                          main
     0000023F  C$main.c$15$1_0$49                 main
     00000240  A$main$79                          main
     00000243  A$main$80                          main
     00000246  A$main$81                          main
     00000249  A$main$82                          main
     0000024A  A$main$87                          main
     0000024A  C$main.c$21$5_0$53                 main
     0000024C  A$main$88                          main
     0000024F  A$main$92                          main
     0000024F  C$main.c$22$2_0$50                 main
     00000250  A$main$93                          main
     00000251  A$main$94                          main
     00000252  A$main$95                          main
     00000253  A$main$96                          main
     00000256  A$main$97                          main
     00000257  A$main$98                          main
     00000258  A$main$99                          main
     00000259  A$main$100                         main
     0000025A  A$main$104                         main
     0000025A  C$main.c$23$2_0$50                 main
     0000025C  A$main$105                         main
     0000025E  A$main$109                         main
     0000025E  C$main.c$25$3_0$51                 main
     00000262  A$main$113                         main
     00000262  C$main.c$26$3_0$51                 main
     00000263  A$main$114                         main
     00000266  A$main$115                         main
     00000267  A$main$119                         main
     00000267  C$main.c$27$3_0$51                 main
     00000268  A$main$120                         main
     00000269  A$main$121                         main
     0000026A  A$main$122                         main
     0000026B  A$main$123                         main
     0000026E  A$main$124                         main
     0000026F  A$main$125                         main
     00000272  A$main$126                         main
     00000273  A$main$131                         main
     00000273  C$main.c$29$3_0$51                 main
     00000277  A$main$132                         main
     00000279  A$main$136                         main
ASxxxx Linker V03.00 + NoICE + sdld,  page 3.
Hexadecimal  [32-Bits]

Area                                    Addr        Size        Decimal Bytes (Attributes)
--------------------------------        ----        ----        ------- ----- ------------
_CODE                               00000205    00001EAC =        7852. bytes (REL,CON)

      Value  Global                              Global Defined In Module
      -----  --------------------------------   ------------------------
     00000279  C$main.c$30$4_0$52                 main
     0000027A  A$main$137                         main
     0000027D  A$main$138                         main
     0000027E  A$main$139                         main
     0000027F  A$main$143                         main
     0000027F  C$main.c$31$4_0$52                 main
     00000281  A$main$144                         main
     00000283  A$main$145                         main
     00000285  A$main$146                         main
     00000287  A$main$147                         main
     00000289  A$main$148                         main
     0000028B  A$main$149                         main
     0000028D  A$main$150                         main
     0000028F  A$main$151                         main
     00000291  A$main$152                         main
     00000293  A$main$153                         main
     00000295  A$main$161                         main
     00000295  C$main.c$34$5_0$53                 main
     00000295  C$main.c$35$5_0$53                 main
     00000296  A$main$162                         main
     00000299  A$main$163                         main
     0000029C  A$main$164                         main
     0000029D  A$main$165                         main
     000002A0  A$main$166                         main
     000002A1  A$main$167                         main
     000002A4  A$main$168                         main
     000002A5  A$main$169                         main
     000002A6  A$main$170                         main
     000002A7  A$main$171                         main
     000002A8  A$main$172                         main
     000002AA  A$main$173                         main
     000002AC  A$main$174                         main
     000002AF  A$main$177                         main
     000002B0  A$main$179                         main
     000002B2  A$main$180                         main
     000002B5  A$main$184                         main
     000002B5  C$main.c$37$5_0$53                 main
     000002B9  A$main$185                         main
     000002BB  A$main$189                         main
     000002BB  C$main.c$38$6_0$54                 main
     000002BC  A$main$190                         main
     000002BF  A$main$191                         main
     000002C0  A$main$195                         main
     000002C0  C$main.c$40$5_0$53                 main
     000002C2  A$main$203                         main
     000002C2  C$main.c$41$5_0$53                 main
     000002C2  C$main.c$42$5_0$53                 main
     000002C3  A$main$204                         main
     000002C6  A$main$205                         main
     000002C9  A$main$206                         main
     000002CC  A$main$207                         main
ASxxxx Linker V03.00 + NoICE + sdld,  page 4.
Hexadecimal  [32-Bits]

Area                                    Addr        Size        Decimal Bytes (Attributes)
--------------------------------        ----        ----        ------- ----- ------------
_CODE                               00000205    00001EAC =        7852. bytes (REL,CON)

      Value  Global                              Global Defined In Module
      -----  --------------------------------   ------------------------
     000002CD  A$main$208                         main
     000002D0  A$main$209                         main
     000002D1  A$main$210                         main
     000002D4  A$main$211                         main
     000002D7  A$main$212                         main
     000002DA  A$main$213                         main
     000002DB  A$main$217                         main
     000002DB  C$main.c$48$5_0$53                 main
     000002DD  A$main$225                         main
     000002DD  C$main.c$49$5_0$53                 main
     000002DD  C$main.c$50$5_0$53                 main
     000002DE  A$main$226                         main
     000002E1  A$main$227                         main
     000002E2  A$main$231                         main
     000002E2  C$main.c$51$5_0$53                 main
     000002E4  A$main$239                         main
     000002E4  C$main.c$52$5_0$53                 main
     000002E4  C$main.c$53$5_0$53                 main
     000002E5  A$main$240                         main
     000002E6  A$main$241                         main
     000002E7  A$main$242                         main
     000002EA  A$main$243                         main
     000002EB  A$main$244                         main
     000002EC  A$main$245                         main
     000002ED  A$main$246                         main
     000002EF  A$main$247                         main
     000002F2  A$main$251                         main
     000002F2  C$main.c$54$5_0$53                 main
     000002F6  A$main$252                         main
     000002F9  A$main$256                         main
     000002F9  C$main.c$55$6_0$55                 main
     000002FA  A$main$260                         main
     000002FA  C$main.c$56$6_0$55                 main
     000002FB  A$main$261                         main
     000002FC  A$main$262                         main
     000002FD  A$main$263                         main
     000002FF  A$main$264                         main
     00000302  A$main$269                         main
     00000302  C$main.c$58$6_0$55                 main
     00000303  A$main$270                         main
     00000306  A$main$271                         main
     00000309  A$main$272                         main
     0000030A  A$main$273                         main
     0000030D  A$main$274                         main
     0000030E  A$main$275                         main
     00000311  A$main$276                         main
     00000312  A$main$277                         main
     00000313  A$main$278                         main
     00000314  A$main$282                         main
     00000314  C$main.c$62$3_0$51                 main
     00000317  A$main$287                         main
ASxxxx Linker V03.00 + NoICE + sdld,  page 5.
Hexadecimal  [32-Bits]

Area                                    Addr        Size        Decimal Bytes (Attributes)
--------------------------------        ----        ----        ------- ----- ------------
_CODE                               00000205    00001EAC =        7852. bytes (REL,CON)

      Value  Global                              Global Defined In Module
      -----  --------------------------------   ------------------------
     00000317  C$main.c$66$1_0$49                 main
     0000031A  A$main$288                         main
     0000031B  A$main$289                         main
     0000031E  A$main$290                         main
     0000031F  A$main$294                         main
     0000031F  C$main.c$67$1_0$49                 main
     00000322  A$main$298                         main
     00000322  C$main.c$68$1_0$49                 main
     00000325  A$main$302                         main
     00000326  A$main$303                         main
     00000328  A$main$308                         main
     00000328  C$main.c$69$1_0$49                 main
     00000328  XG$main$0$0                        main
     00000329  Fmain$levels$0_0$0                 main
     0000058F  Fmain$__str_0$0_0$0                main
     000005A8  Fmain$__str_1$0_0$0                main
     000005B8  Fmain$__str_2$0_0$0                main
     000005D8  A$console$83                       console
     000005D8  C$console.c$11$0_0$67              console
     000005D8  C$console.c$12$1_0$67              console
     000005D8  G$putchar$0$0                      console
     000005D8  _putchar                           console
     000005DB  A$console$84                       console
     000005DC  A$console$85                       console
     000005DD  A$console$86                       console
     000005DE  A$console$87                       console
     000005DF  A$console$88                       console
     000005E2  A$console$89                       console
     000005E3  A$console$93                       console
     000005E3  C$console.c$13$1_0$67              console
     000005E4  A$console$94                       console
     000005E5  A$console$95                       console
     000005E6  A$console$96                       console
     000005E7  A$console$104                      console
     000005E7  C$console.c$14$1_0$67              console
     000005E7  XG$putchar$0$0                     console
     000005E8  A$console$117                      console
     000005E8  C$console.c$16$1_0$68              console
     000005E8  C$console.c$18$1_0$68              console
     000005E8  G$con_init$0$0                     console
     000005E8  _con_init                          console
     000005EB  A$console$118                      console
     000005EE  A$console$129                      console
     000005EE  C$console.c$19$1_0$68              console
     000005EE  C$console.c$20$1_0$68              console
     000005EE  XG$con_init$0$0                    console
     000005EF  A$console$142                      console
     000005EF  C$console.c$22$1_0$70              console
     000005EF  C$console.c$24$1_0$70              console
     000005EF  G$con_init_timer$0$0               console
     000005EF  _con_init_timer                    console
ASxxxx Linker V03.00 + NoICE + sdld,  page 6.
Hexadecimal  [32-Bits]

Area                                    Addr        Size        Decimal Bytes (Attributes)
--------------------------------        ----        ----        ------- ----- ------------
_CODE                               00000205    00001EAC =        7852. bytes (REL,CON)

      Value  Global                              Global Defined In Module
      -----  --------------------------------   ------------------------
     000005F0  A$console$143                      console
     000005F4  A$console$144                      console
     000005F7  A$console$145                      console
     000005FA  A$console$146                      console
     000005FD  A$console$147                      console
     00000600  A$console$151                      console
     00000600  C$console.c$25$1_0$70              console
     00000603  A$console$152                      console
     00000604  A$console$153                      console
     00000605  A$console$154                      console
     00000609  A$console$155                      console
     0000060C  A$console$156                      console
     00000610  A$console$167                      console
     00000610  C$console.c$26$1_0$70              console
     00000610  C$console.c$27$1_0$70              console
     00000610  XG$con_init_timer$0$0              console
     00000611  A$console$180                      console
     00000611  C$console.c$29$1_0$72              console
     00000611  C$console.c$31$1_0$72              console
     00000611  G$con_gotoxy$0$0                   console
     00000611  _con_gotoxy                        console
     00000614  A$console$181                      console
     00000615  A$console$182                      console
     00000616  A$console$183                      console
     00000618  A$console$184                      console
     00000619  A$console$185                      console
     0000061A  A$console$186                      console
     0000061B  A$console$187                      console
     0000061C  A$console$188                      console
     0000061D  A$console$189                      console
     0000061E  A$console$190                      console
     0000061F  A$console$191                      console
     00000620  A$console$192                      console
     00000621  A$console$193                      console
     00000622  A$console$194                      console
     00000624  A$console$195                      console
     00000625  A$console$196                      console
     00000626  A$console$197                      console
     00000629  A$console$198                      console
     0000062A  A$console$199                      console
     0000062E  A$console$200                      console
     0000062F  A$console$201                      console
     00000632  A$console$202                      console
     00000633  A$console$203                      console
     00000635  A$console$204                      console
     00000637  A$console$205                      console
     0000063A  A$console$216                      console
     0000063A  C$console.c$32$1_0$72              console
     0000063A  C$console.c$33$1_0$72              console
     0000063A  XG$con_gotoxy$0$0                  console
     0000063B  A$console$229                      console
ASxxxx Linker V03.00 + NoICE + sdld,  page 7.
Hexadecimal  [32-Bits]

Area                                    Addr        Size        Decimal Bytes (Attributes)
--------------------------------        ----        ----        ------- ----- ------------
_CODE                               00000205    00001EAC =        7852. bytes (REL,CON)

      Value  Global                              Global Defined In Module
      -----  --------------------------------   ------------------------
     0000063B  C$console.c$35$1_0$73              console
     0000063B  G$con_cls$0$0                      console
     0000063B  _con_cls                           console
     0000063E  A$console$230                      console
     00000641  A$console$232                      console
     00000645  A$console$233                      console
     00000648  A$console$234                      console
     0000064A  A$console$235                      console
     0000064D  A$console$236                      console
     0000064F  A$console$237                      console
     00000651  A$console$241                      console
     00000651  C$console.c$39$3_0$75              console
     00000654  A$console$242                      console
     00000656  A$console$246                      console
     00000656  C$console.c$37$2_0$74              console
     00000659  A$console$247                      console
     0000065B  A$console$248                      console
     0000065E  A$console$249                      console
     00000660  A$console$254                      console
     00000660  C$console.c$41$1_0$73              console
     00000663  A$console$255                      console
     00000666  A$console$266                      console
     00000666  C$console.c$42$1_0$73              console
     00000666  C$console.c$43$1_0$73              console
     00000666  XG$con_cls$0$0                     console
     00000667  A$console$279                      console
     00000667  C$console.c$44$1_0$77              console
     00000667  C$console.c$46$1_0$77              console
     00000667  G$con_putc$0$0                     console
     00000667  _con_putc                          console
     0000066A  A$console$280                      console
     0000066E  A$console$281                      console
     00000670  A$console$282                      console
     00000673  A$console$283                      console
     00000674  A$console$287                      console
     00000674  C$console.c$47$1_0$77              console
     00000678  A$console$288                      console
     0000067B  A$console$289                      console
     0000067D  A$console$290                      console
     00000680  A$console$295                      console
     00000680  C$console.c$48$1_0$77              console
     00000683  A$console$296                      console
     00000685  A$console$297                      console
     00000686  A$console$298                      console
     00000689  A$console$299                      console
     0000068B  A$console$300                      console
     0000068C  A$console$304                      console
     0000068C  C$console.c$49$1_0$77              console
     0000068F  A$console$305                      console
     00000692  A$console$316                      console
     00000692  C$console.c$50$1_0$77              console
ASxxxx Linker V03.00 + NoICE + sdld,  page 8.
Hexadecimal  [32-Bits]

Area                                    Addr        Size        Decimal Bytes (Attributes)
--------------------------------        ----        ----        ------- ----- ------------
_CODE                               00000205    00001EAC =        7852. bytes (REL,CON)

      Value  Global                              Global Defined In Module
      -----  --------------------------------   ------------------------
     00000692  C$console.c$51$1_0$77              console
     00000692  XG$con_putc$0$0                    console
     00000693  A$console$329                      console
     00000693  C$console.c$53$1_0$79              console
     00000693  C$console.c$55$1_0$79              console
     00000693  G$con_puts$0$0                     console
     00000693  _con_puts                          console
     00000694  A$console$330                      console
     00000695  A$console$331                      console
     00000696  A$console$332                      console
     00000697  A$console$334                      console
     00000698  A$console$335                      console
     00000699  A$console$336                      console
     0000069A  A$console$340                      console
     0000069A  C$console.c$57$2_0$80              console
     0000069B  A$console$341                      console
     0000069C  A$console$342                      console
     0000069D  A$console$343                      console
     000006A0  A$console$344                      console
     000006A1  A$console$345                      console
     000006A2  A$console$349                      console
     000006A2  C$console.c$58$2_0$80              console
     000006A3  A$console$360                      console
     000006A3  C$console.c$60$1_0$79              console
     000006A3  C$console.c$61$1_0$79              console
     000006A3  XG$con_puts$0$0                    console
     000006A5  A$console$374                      console
     000006A5  C$console.c$63$1_0$82              console
     000006A5  C$console.c$65$1_0$82              console
     000006A5  G$con_getc_timer$0$0               console
     000006A5  _con_getc_timer                    console
     000006A8  A$console$375                      console
     000006A9  A$console$376                      console
     000006AB  A$console$380                      console
     000006AB  C$console.c$67$2_0$83              console
     000006AF  A$console$381                      console
     000006B2  A$console$382                      console
     000006B4  A$console$383                      console
     000006B7  A$console$384                      console
     000006B9  A$console$385                      console
     000006BC  A$console$386                      console
     000006BE  A$console$387                      console
     000006C1  A$console$392                      console
     000006C1  C$console.c$68$2_0$83              console
     000006C4  A$console$393                      console
     000006C5  A$console$394                      console
     000006C6  A$console$395                      console
     000006C7  A$console$396                      console
     000006C8  A$console$397                      console
     000006CB  A$console$398                      console
     000006CC  A$console$399                      console
ASxxxx Linker V03.00 + NoICE + sdld,  page 9.
Hexadecimal  [32-Bits]

Area                                    Addr        Size        Decimal Bytes (Attributes)
--------------------------------        ----        ----        ------- ----- ------------
_CODE                               00000205    00001EAC =        7852. bytes (REL,CON)

      Value  Global                              Global Defined In Module
      -----  --------------------------------   ------------------------
     000006D0  A$console$400                      console
     000006D3  A$console$401                      console
     000006D4  A$console$402                      console
     000006D7  A$console$403                      console
     000006D8  A$console$404                      console
     000006DB  A$console$405                      console
     000006DC  A$console$406                      console
     000006DF  A$console$407                      console
     000006E1  A$console$411                      console
     000006E1  C$console.c$70$3_0$84              console
     000006E2  A$console$412                      console
     000006E5  A$console$413                      console
     000006E8  A$console$414                      console
     000006EB  A$console$415                      console
     000006EE  A$console$419                      console
     000006EE  C$console.c$71$3_0$84              console
     000006F1  A$console$420                      console
     000006F2  A$console$421                      console
     000006F5  A$console$425                      console
     000006F5  C$console.c$72$3_0$84              console
     000006F9  A$console$426                      console
     000006FC  A$console$427                      console
     000006FF  A$console$428                      console
     00000701  A$console$432                      console
     00000701  C$console.c$74$4_0$85              console
     00000704  A$console$433                      console
     00000707  A$console$437                      console
     00000707  C$console.c$75$4_0$85              console
     0000070A  A$console$441                      console
     0000070A  C$console.c$76$4_0$85              console
     0000070D  A$console$442                      console
     0000070F  A$console$446                      console
     0000070F  C$console.c$77$4_0$85              console
     00000711  A$console$451                      console
     00000711  C$console.c$80$2_0$83              console
     00000714  A$console$452                      console
     00000716  A$console$457                      console
     00000716  C$console.c$82$1_0$82              console
     00000719  A$console$458                      console
     0000071B  A$console$462                      console
     0000071B  C$console.c$83$1_0$82              console
     0000071D  A$console$463                      console
     0000071E  A$console$471                      console
     0000071E  C$console.c$84$1_0$82              console
     0000071E  XG$con_getc_timer$0$0              console
     0000071F  A$console$485                      console
     0000071F  C$console.c$86$1_0$86              console
     0000071F  C$console.c$88$1_0$86              console
     0000071F  G$con_getc$0$0                     console
     0000071F  _con_getc                          console
     00000722  A$console$486                      console
ASxxxx Linker V03.00 + NoICE + sdld,  page 10.
Hexadecimal  [32-Bits]

Area                                    Addr        Size        Decimal Bytes (Attributes)
--------------------------------        ----        ----        ------- ----- ------------
_CODE                               00000205    00001EAC =        7852. bytes (REL,CON)

      Value  Global                              Global Defined In Module
      -----  --------------------------------   ------------------------
     00000723  A$console$487                      console
     00000725  A$console$491                      console
     00000725  C$console.c$89$1_0$86              console
     00000728  A$console$492                      console
     0000072A  A$console$496                      console
     0000072A  C$console.c$90$1_0$86              console
     0000072C  A$console$497                      console
     0000072D  A$console$505                      console
     0000072D  C$console.c$91$1_0$86              console
     0000072D  XG$con_getc$0$0                    console
     0000072E  A$console$518                      console
     0000072E  C$console.c$93$1_0$87              console
     0000072E  C$console.c$95$1_0$87              console
     0000072E  G$con_exit$0$0                     console
     0000072E  _con_exit                          console
     00000731  A$console$519                      console
     00000733  A$console$531                      console
     00000733  C$console.c$96$1_0$87              console
     00000733  C$console.c$97$1_0$87              console
     00000733  XG$con_exit$0$0                    console
     00000735  A$console$541                      console
     00000735  C$console.c$99$1_0$89              console
     00000735  G$swap$0$0                         console
     00000735  _swap                              console
     00000737  A$console$542                      console
     0000073B  A$console$543                      console
     0000073D  A$console$544                      console
     0000073E  A$console$548                      console
     0000073E  C$console.c$100$1_0$89             console
     00000741  A$console$549                      console
     00000744  A$console$550                      console
     00000745  A$console$551                      console
     00000748  A$console$552                      console
     0000074B  A$console$553                      console
     0000074E  A$console$554                      console
     0000074F  A$console$555                      console
     00000750  A$console$556                      console
     00000753  A$console$557                      console
     00000754  A$console$561                      console
     00000755  A$console$562                      console
     00000757  A$console$567                      console
     00000757  C$console.c$101$1_0$89             console
     00000757  XG$swap$0$0                        console
     00000758  A$console$577                      console
     00000758  C$console.c$104$1_0$91             console
     00000758  G$reverse$0$0                      console
     00000758  _reverse                           console
     0000075A  A$console$578                      console
     0000075E  A$console$579                      console
     00000760  A$console$580                      console
     00000761  A$console$584                      console
ASxxxx Linker V03.00 + NoICE + sdld,  page 11.
Hexadecimal  [32-Bits]

Area                                    Addr        Size        Decimal Bytes (Attributes)
--------------------------------        ----        ----        ------- ----- ------------
_CODE                               00000205    00001EAC =        7852. bytes (REL,CON)

      Value  Global                              Global Defined In Module
      -----  --------------------------------   ------------------------
     00000761  C$console.c$106$1_0$91             console
     00000764  A$console$585                      console
     00000767  A$console$586                      console
     0000076A  A$console$587                      console
     0000076D  A$console$589                      console
     0000076E  A$console$590                      console
     0000076F  A$console$591                      console
     00000770  A$console$592                      console
     00000771  A$console$593                      console
     00000774  A$console$594                      console
     00000776  A$console$596                      console
     00000779  A$console$600                      console
     00000779  C$console.c$107$2_0$92             console
     0000077A  A$console$601                      console
     0000077B  A$console$602                      console
     0000077C  A$console$603                      console
     0000077D  A$console$604                      console
     00000780  A$console$605                      console
     00000783  A$console$606                      console
     00000784  A$console$607                      console
     00000787  A$console$608                      console
     0000078A  A$console$609                      console
     0000078B  A$console$610                      console
     0000078C  A$console$611                      console
     0000078E  A$console$612                      console
     0000078F  A$console$613                      console
     00000790  A$console$614                      console
     00000793  A$console$615                      console
     00000796  A$console$616                      console
     00000798  A$console$617                      console
     00000799  A$console$618                      console
     0000079A  A$console$619                      console
     0000079C  A$console$620                      console
     0000079F  A$console$621                      console
     000007A0  A$console$622                      console
     000007A1  A$console$623                      console
     000007A2  A$console$624                      console
     000007A3  A$console$625                      console
     000007A5  A$console$630                      console
     000007A5  C$console.c$110$1_0$91             console
     000007A8  A$console$631                      console
     000007AB  A$console$635                      console
     000007AD  A$console$636                      console
     000007AF  A$console$641                      console
     000007AF  C$console.c$111$1_0$91             console
     000007AF  XG$reverse$0$0                     console
     000007B0  A$console$651                      console
     000007B0  C$console.c$114$1_0$94             console
     000007B0  G$con_itoa$0$0                     console
     000007B0  _con_itoa                          console
     000007B2  A$console$652                      console
ASxxxx Linker V03.00 + NoICE + sdld,  page 12.
Hexadecimal  [32-Bits]

Area                                    Addr        Size        Decimal Bytes (Attributes)
--------------------------------        ----        ----        ------- ----- ------------
_CODE                               00000205    00001EAC =        7852. bytes (REL,CON)

      Value  Global                              Global Defined In Module
      -----  --------------------------------   ------------------------
     000007B6  A$console$653                      console
     000007B8  A$console$654                      console
     000007B9  A$console$655                      console
     000007BA  A$console$659                      console
     000007BA  C$console.c$117$1_0$94             console
     000007BD  A$console$660                      console
     000007BF  A$console$661                      console
     000007C2  A$console$662                      console
     000007C3  A$console$663                      console
     000007C4  A$console$664                      console
     000007C5  A$console$665                      console
     000007C7  A$console$666                      console
     000007C9  A$console$667                      console
     000007CB  A$console$668                      console
     000007CE  A$console$669                      console
     000007D0  A$console$670                      console
     000007D3  A$console$671                      console
     000007D6  A$console$672                      console
     000007D8  A$console$674                      console
     000007DB  A$console$679                      console
     000007DB  C$console.c$118$2_0$95             console
     000007DE  A$console$680                      console
     000007E1  A$console$681                      console
     000007E4  A$console$686                      console
     000007E4  C$console.c$122$1_1$96             console
     000007E7  A$console$687                      console
     000007EA  A$console$688                      console
     000007EB  A$console$689                      console
     000007EE  A$console$690                      console
     000007EF  A$console$694                      console
     000007EF  C$console.c$124$1_1$96             console
     000007F2  A$console$702                      console
     000007F3  A$console$703                      console
     000007F5  A$console$704                      console
     000007F8  A$console$705                      console
     000007F9  A$console$706                      console
     000007FB  A$console$707                      console
     000007FE  A$console$711                      console
     000007FE  C$console.c$125$1_1$96             console
     000007FF  A$console$712                      console
     00000800  A$console$713                      console
     00000802  A$console$717                      console
     00000802  C$console.c$127$1_1$94             console
     00000803  A$console$718                      console
     00000804  A$console$719                      console
     00000807  A$console$720                      console
     0000080A  A$console$721                      console
     0000080B  A$console$722                      console
     0000080C  A$console$723                      console
     0000080F  A$console$724                      console
     00000810  A$console$725                      console
ASxxxx Linker V03.00 + NoICE + sdld,  page 13.
Hexadecimal  [32-Bits]

Area                                    Addr        Size        Decimal Bytes (Attributes)
--------------------------------        ----        ----        ------- ----- ------------
_CODE                               00000205    00001EAC =        7852. bytes (REL,CON)

      Value  Global                              Global Defined In Module
      -----  --------------------------------   ------------------------
     00000811  A$console$726                      console
     00000812  A$console$727                      console
     00000813  A$console$728                      console
     00000814  A$console$732                      console
     00000814  C$console.c$130$1_1$94             console
     00000817  A$console$736                      console
     00000817  C$console.c$129$2_1$97             console
     00000818  A$console$737                      console
     0000081A  A$console$738                      console
     0000081B  A$console$739                      console
     0000081C  A$console$740                      console
     0000081D  A$console$741                      console
     0000081E  A$console$742                      console
     00000820  A$console$743                      console
     00000822  A$console$747                      console
     00000822  C$console.c$130$3_1$98             console
     00000823  A$console$748                      console
     00000825  A$console$749                      console
     00000828  A$console$750                      console
     0000082B  A$console$751                      console
     0000082E  A$console$752                      console
     00000831  A$console$753                      console
     00000833  A$console$754                      console
     00000836  A$console$755                      console
     00000838  A$console$756                      console
     0000083B  A$console$757                      console
     0000083D  A$console$762                      console
     0000083D  C$console.c$133$3_1$99             console
     0000083E  A$console$763                      console
     00000840  A$console$764                      console
     00000843  A$console$765                      console
     00000846  A$console$766                      console
     00000849  A$console$767                      console
     0000084C  A$console$768                      console
     0000084E  A$console$769                      console
     00000851  A$console$770                      console
     00000853  A$console$771                      console
     00000856  A$console$776                      console
     00000856  C$console.c$136$1_1$94             console
     00000857  A$console$777                      console
     0000085A  A$console$778                      console
     0000085D  A$console$779                      console
     0000085E  A$console$780                      console
     0000085F  A$console$781                      console
     00000862  A$console$782                      console
     00000863  A$console$783                      console
     00000864  A$console$784                      console
     00000865  A$console$785                      console
     00000867  A$console$790                      console
     00000867  C$console.c$140$1_1$96             console
     00000868  A$console$791                      console
ASxxxx Linker V03.00 + NoICE + sdld,  page 14.
Hexadecimal  [32-Bits]

Area                                    Addr        Size        Decimal Bytes (Attributes)
--------------------------------        ----        ----        ------- ----- ------------
_CODE                               00000205    00001EAC =        7852. bytes (REL,CON)

      Value  Global                              Global Defined In Module
      -----  --------------------------------   ------------------------
     00000869  A$console$792                      console
     0000086B  A$console$796                      console
     0000086B  C$console.c$141$2_1$100            console
     0000086C  A$console$797                      console
     0000086D  A$console$798                      console
     00000870  A$console$799                      console
     00000873  A$console$800                      console
     00000876  A$console$801                      console
     00000879  A$console$802                      console
     0000087A  A$console$803                      console
     0000087C  A$console$808                      console
     0000087C  C$console.c$147$1_1$96             console
     00000880  A$console$809                      console
     00000882  A$console$810                      console
     00000885  A$console$811                      console
     00000887  A$console$812                      console
     0000088A  A$console$813                      console
     0000088C  A$console$817                      console
     0000088C  C$console.c$148$2_1$101            console
     0000088D  A$console$818                      console
     0000088E  A$console$819                      console
     0000088F  A$console$820                      console
     00000892  A$console$821                      console
     00000895  A$console$822                      console
     00000896  A$console$823                      console
     00000898  A$console$828                      console
     00000898  C$console.c$151$1_1$96             console
     0000089B  A$console$829                      console
     0000089E  A$console$830                      console
     0000089F  A$console$831                      console
     000008A1  A$console$835                      console
     000008A1  C$console.c$153$1_1$96             console
     000008A2  A$console$836                      console
     000008A5  A$console$837                      console
     000008A8  A$console$838                      console
     000008A9  A$console$839                      console
     000008AC  A$console$840                      console
     000008AD  A$console$841                      console
     000008AE  A$console$845                      console
     000008AE  C$console.c$154$1_1$96             console
     000008AF  A$console$846                      console
     000008B0  A$console$847                      console
     000008B1  A$console$848                      console
     000008B3  A$console$849                      console
     000008B4  A$console$850                      console
     000008B6  A$console$851                      console
     000008B7  A$console$852                      console
     000008B9  A$console$853                      console
     000008BB  A$console$861                      console
     000008BB  C$console.c$156$2_1$102            console
     000008BB  C$console.c$157$2_1$102            console
ASxxxx Linker V03.00 + NoICE + sdld,  page 15.
Hexadecimal  [32-Bits]

Area                                    Addr        Size        Decimal Bytes (Attributes)
--------------------------------        ----        ----        ------- ----- ------------
_CODE                               00000205    00001EAC =        7852. bytes (REL,CON)

      Value  Global                              Global Defined In Module
      -----  --------------------------------   ------------------------
     000008BC  A$console$862                      console
     000008BF  A$console$863                      console
     000008C0  A$console$864                      console
     000008C3  A$console$865                      console
     000008C6  A$console$866                      console
     000008C7  A$console$867                      console
     000008CA  A$console$868                      console
     000008CB  A$console$869                      console
     000008CC  A$console$870                      console
     000008CD  A$console$874                      console
     000008CD  C$console.c$158$2_1$102            console
     000008CE  A$console$875                      console
     000008CF  A$console$879                      console
     000008CF  C$console.c$159$2_1$102            console
     000008D1  A$console$887                      console
     000008D1  C$console.c$160$2_1$102            console
     000008D1  C$console.c$161$2_1$102            console
     000008D2  A$console$888                      console
     000008D5  A$console$889                      console
     000008D6  A$console$890                      console
     000008D9  A$console$891                      console
     000008DC  A$console$892                      console
     000008DD  A$console$893                      console
     000008E0  A$console$894                      console
     000008E1  A$console$895                      console
     000008E2  A$console$896                      console
     000008E3  A$console$900                      console
     000008E3  C$console.c$162$2_1$102            console
     000008E4  A$console$908                      console
     000008E4  C$console.c$166$1_1$96             console
     000008E4  C$console.c$168$1_1$96             console
     000008E5  A$console$909                      console
     000008E6  A$console$910                      console
     000008E9  A$console$911                      console
     000008EA  A$console$912                      console
     000008ED  A$console$913                      console
     000008F0  A$console$914                      console
     000008F1  A$console$915                      console
     000008F4  A$console$916                      console
     000008F5  A$console$917                      console
     000008F6  A$console$918                      console
     000008F7  A$console$923                      console
     000008F9  A$console$924                      console
     000008FB  A$console$929                      console
     000008FB  C$console.c$169$1_1$94             console
     000008FB  XG$con_itoa$0$0                    console
     000008FC  Fconsole$__str_0$0_0$0             console
     000008FF  Fconsole$__str_1$0_0$0             console
     00000901  A$console$947                      console
     00000901  C$console.c$171$1_1$103            console
     00000901  G$con_print_timer$0$0              console
ASxxxx Linker V03.00 + NoICE + sdld,  page 16.
Hexadecimal  [32-Bits]

Area                                    Addr        Size        Decimal Bytes (Attributes)
--------------------------------        ----        ----        ------- ----- ------------
_CODE                               00000205    00001EAC =        7852. bytes (REL,CON)

      Value  Global                              Global Defined In Module
      -----  --------------------------------   ------------------------
     00000901  _con_print_timer                   console
     00000904  A$console$948                      console
     00000905  A$console$949                      console
     00000906  A$console$953                      console
     00000906  C$console.c$175$1_0$103            console
     00000909  A$console$954                      console
     0000090A  A$console$955                      console
     0000090D  A$console$956                      console
     0000090E  A$console$960                      console
     0000090E  C$console.c$176$1_0$103            console
     00000911  A$console$961                      console
     00000912  A$console$962                      console
     00000913  A$console$963                      console
     00000914  A$console$964                      console
     00000915  A$console$965                      console
     00000916  A$console$966                      console
     00000919  A$console$967                      console
     0000091A  A$console$968                      console
     0000091B  A$console$969                      console
     0000091E  A$console$970                      console
     0000091F  A$console$971                      console
     00000922  A$console$972                      console
     00000925  A$console$973                      console
     00000926  A$console$974                      console
     00000927  A$console$975                      console
     0000092A  A$console$976                      console
     0000092B  A$console$980                      console
     0000092E  A$console$981                      console
     0000092F  A$console$982                      console
     00000930  A$console$987                      console
     00000930  C$console.c$178$1_0$103            console
     00000930  XG$con_print_timer$0$0             console
     00000931  A$game$131                         game
     00000931  C$game.c$35$0_0$70                 game
     00000931  C$game.c$54$0_0$70                 game
     00000931  G$debug_print_playfieldText$0$0    game
     00000931  XG$debug_print_playfieldText$0$0   game
     00000931  _debug_print_playfieldText         game
     00000932  A$game$141                         game
     00000932  C$game.c$56$0_0$72                 game
     00000932  G$game_sendTileData$0$0            game
     00000932  _game_sendTileData                 game
     00000933  A$game$145                         game
     00000933  C$game.c$59$1_0$72                 game
     00000936  A$game$146                         game
     00000939  A$game$147                         game
     0000093C  A$game$148                         game
     0000093E  A$game$152                         game
     0000093E  C$game.c$60$1_0$72                 game
     00000941  A$game$153                         game
     00000944  A$game$154                         game
ASxxxx Linker V03.00 + NoICE + sdld,  page 17.
Hexadecimal  [32-Bits]

Area                                    Addr        Size        Decimal Bytes (Attributes)
--------------------------------        ----        ----        ------- ----- ------------
_CODE                               00000205    00001EAC =        7852. bytes (REL,CON)

      Value  Global                              Global Defined In Module
      -----  --------------------------------   ------------------------
     00000947  A$game$155                         game
     00000949  A$game$159                         game
     00000949  C$game.c$61$1_0$72                 game
     0000094C  A$game$160                         game
     0000094F  A$game$161                         game
     00000952  A$game$162                         game
     00000954  A$game$166                         game
     00000954  C$game.c$62$1_0$72                 game
     00000957  A$game$167                         game
     0000095A  A$game$168                         game
     0000095D  A$game$169                         game
     0000095F  A$game$173                         game
     0000095F  C$game.c$63$1_0$72                 game
     00000962  A$game$174                         game
     00000965  A$game$175                         game
     00000968  A$game$176                         game
     0000096A  A$game$180                         game
     0000096A  C$game.c$64$1_0$72                 game
     0000096D  A$game$181                         game
     00000970  A$game$182                         game
     00000973  A$game$183                         game
     00000975  A$game$187                         game
     00000975  C$game.c$65$1_0$72                 game
     00000978  A$game$188                         game
     0000097B  A$game$189                         game
     0000097E  A$game$190                         game
     00000980  A$game$197                         game
     00000980  C$game.c$66$1_0$72                 game
     00000981  A$game$202                         game
     00000981  C$game.c$67$1_0$72                 game
     00000981  XG$game_sendTileData$0$0           game
     00000982  A$game$222                         game
     00000982  C$game.c$69$1_0$74                 game
     00000982  C$game.c$90$1_0$74                 game
     00000982  C$game.c$91$1_0$74                 game
     00000982  G$game_resetSprites$0$0            game
     00000982  XG$game_resetSprites$0$0           game
     00000982  _game_resetSprites                 game
     00000983  A$game$232                         game
     00000983  C$game.c$93$1_0$76                 game
     00000983  G$canmove$0$0                      game
     00000983  _canmove                           game
     00000985  A$game$233                         game
     00000989  A$game$234                         game
     0000098B  A$game$238                         game
     0000098B  C$game.c$97$1_0$76                 game
     0000098E  A$game$239                         game
     00000991  A$game$240                         game
     00000994  A$game$241                         game
     00000995  A$game$242                         game
     00000996  A$game$243                         game
ASxxxx Linker V03.00 + NoICE + sdld,  page 18.
Hexadecimal  [32-Bits]

Area                                    Addr        Size        Decimal Bytes (Attributes)
--------------------------------        ----        ----        ------- ----- ------------
_CODE                               00000205    00001EAC =        7852. bytes (REL,CON)

      Value  Global                              Global Defined In Module
      -----  --------------------------------   ------------------------
     00000997  A$game$244                         game
     00000998  A$game$245                         game
     00000999  A$game$246                         game
     0000099A  A$game$247                         game
     0000099B  A$game$248                         game
     0000099C  A$game$249                         game
     0000099F  A$game$250                         game
     000009A2  A$game$251                         game
     000009A3  A$game$252                         game
     000009A4  A$game$256                         game
     000009A4  C$game.c$98$1_0$76                 game
     000009A5  A$game$257                         game
     000009A8  A$game$258                         game
     000009AB  A$game$259                         game
     000009AC  A$game$260                         game
     000009AD  A$game$261                         game
     000009AE  A$game$262                         game
     000009AF  A$game$263                         game
     000009B0  A$game$264                         game
     000009B1  A$game$265                         game
     000009B2  A$game$266                         game
     000009B3  A$game$267                         game
     000009B4  A$game$268                         game
     000009B7  A$game$269                         game
     000009BA  A$game$270                         game
     000009BB  A$game$271                         game
     000009BC  A$game$275                         game
     000009BC  C$game.c$100$1_0$76                game
     000009BD  A$game$276                         game
     000009BF  A$game$277                         game
     000009C1  A$game$278                         game
     000009C3  A$game$279                         game
     000009C5  A$game$280                         game
     000009C7  A$game$281                         game
     000009C9  A$game$282                         game
     000009CB  A$game$290                         game
     000009CB  C$game.c$101$2_0$77                game
     000009CB  C$game.c$102$2_0$77                game
     000009CD  A$game$291                         game
     000009CF  A$game$299                         game
     000009CF  C$game.c$105$2_0$77                game
     000009CF  C$game.c$106$2_0$77                game
     000009D1  A$game$300                         game
     000009D3  A$game$308                         game
     000009D3  C$game.c$108$1_0$76                game
     000009D3  C$game.c$110$1_0$76                game
     000009D4  A$game$309                         game
     000009D6  A$game$310                         game
     000009D8  A$game$311                         game
     000009DA  A$game$312                         game
     000009DC  A$game$313                         game
ASxxxx Linker V03.00 + NoICE + sdld,  page 19.
Hexadecimal  [32-Bits]

Area                                    Addr        Size        Decimal Bytes (Attributes)
--------------------------------        ----        ----        ------- ----- ------------
_CODE                               00000205    00001EAC =        7852. bytes (REL,CON)

      Value  Global                              Global Defined In Module
      -----  --------------------------------   ------------------------
     000009DE  A$game$314                         game
     000009E0  A$game$315                         game
     000009E2  A$game$323                         game
     000009E2  C$game.c$111$2_0$78                game
     000009E2  C$game.c$112$2_0$78                game
     000009E4  A$game$324                         game
     000009E6  A$game$332                         game
     000009E6  C$game.c$115$2_0$78                game
     000009E6  C$game.c$116$2_0$78                game
     000009E8  A$game$333                         game
     000009EA  A$game$341                         game
     000009EA  C$game.c$118$1_0$76                game
     000009EA  C$game.c$120$1_0$76                game
     000009EC  A$game$346                         game
     000009EE  A$game$351                         game
     000009EE  C$game.c$121$1_0$76                game
     000009EE  XG$canmove$0$0                     game
     000009EF  A$game$361                         game
     000009EF  C$game.c$123$1_0$80                game
     000009EF  G$move_sprites$0$0                 game
     000009EF  _move_sprites                      game
     000009F1  A$game$362                         game
     000009F5  A$game$363                         game
     000009F7  A$game$364                         game
     000009F8  A$game$368                         game
     000009F8  C$game.c$125$1_0$80                game
     000009FB  A$game$369                         game
     000009FE  A$game$370                         game
     000009FF  A$game$371                         game
     00000A00  A$game$372                         game
     00000A01  A$game$373                         game
     00000A02  A$game$374                         game
     00000A03  A$game$375                         game
     00000A04  A$game$376                         game
     00000A05  A$game$377                         game
     00000A08  A$game$378                         game
     00000A09  A$game$379                         game
     00000A0C  A$game$380                         game
     00000A0F  A$game$381                         game
     00000A10  A$game$382                         game
     00000A11  A$game$383                         game
     00000A12  A$game$384                         game
     00000A15  A$game$388                         game
     00000A15  C$game.c$140$1_0$80                game
     00000A16  A$game$389                         game
     00000A18  A$game$396                         game
     00000A18  C$game.c$157$1_0$80                game
     00000A18  C$game.c$159$2_0$84                game
     00000A1B  A$game$397                         game
     00000A1E  A$game$398                         game
     00000A1F  A$game$399                         game
ASxxxx Linker V03.00 + NoICE + sdld,  page 20.
Hexadecimal  [32-Bits]

Area                                    Addr        Size        Decimal Bytes (Attributes)
--------------------------------        ----        ----        ------- ----- ------------
_CODE                               00000205    00001EAC =        7852. bytes (REL,CON)

      Value  Global                              Global Defined In Module
      -----  --------------------------------   ------------------------
     00000A20  A$game$400                         game
     00000A21  A$game$401                         game
     00000A22  A$game$402                         game
     00000A23  A$game$403                         game
     00000A24  A$game$404                         game
     00000A25  A$game$405                         game
     00000A28  A$game$406                         game
     00000A29  A$game$407                         game
     00000A2C  A$game$408                         game
     00000A2F  A$game$409                         game
     00000A30  A$game$410                         game
     00000A33  A$game$411                         game
     00000A34  A$game$416                         game
     00000A34  C$game.c$161$1_0$80                game
     00000A36  A$game$417                         game
     00000A37  A$game$421                         game
     00000A37  C$game.c$162$1_0$80                game
     00000A3A  A$game$422                         game
     00000A3B  A$game$423                         game
     00000A3D  A$game$424                         game
     00000A3E  A$game$425                         game
     00000A3F  A$game$426                         game
     00000A40  A$game$427                         game
     00000A41  A$game$428                         game
     00000A42  A$game$429                         game
     00000A43  A$game$430                         game
     00000A44  A$game$431                         game
     00000A45  A$game$432                         game
     00000A48  A$game$433                         game
     00000A49  A$game$434                         game
     00000A4A  A$game$435                         game
     00000A4D  A$game$436                         game
     00000A4E  A$game$437                         game
     00000A50  A$game$438                         game
     00000A51  A$game$439                         game
     00000A53  A$game$443                         game
     00000A54  A$game$444                         game
     00000A56  A$game$449                         game
     00000A56  C$game.c$163$1_0$80                game
     00000A56  XG$move_sprites$0$0                game
     00000A57  A$game$459                         game
     00000A57  C$game.c$165$1_0$86                game
     00000A57  G$undomove_sprites$0$0             game
     00000A57  _undomove_sprites                  game
     00000A59  A$game$460                         game
     00000A5D  A$game$461                         game
     00000A5F  A$game$462                         game
     00000A60  A$game$466                         game
     00000A60  C$game.c$167$1_0$86                game
     00000A63  A$game$467                         game
     00000A66  A$game$468                         game
ASxxxx Linker V03.00 + NoICE + sdld,  page 21.
Hexadecimal  [32-Bits]

Area                                    Addr        Size        Decimal Bytes (Attributes)
--------------------------------        ----        ----        ------- ----- ------------
_CODE                               00000205    00001EAC =        7852. bytes (REL,CON)

      Value  Global                              Global Defined In Module
      -----  --------------------------------   ------------------------
     00000A67  A$game$469                         game
     00000A68  A$game$470                         game
     00000A69  A$game$471                         game
     00000A6A  A$game$472                         game
     00000A6B  A$game$473                         game
     00000A6C  A$game$474                         game
     00000A6D  A$game$475                         game
     00000A70  A$game$476                         game
     00000A71  A$game$477                         game
     00000A74  A$game$478                         game
     00000A77  A$game$479                         game
     00000A78  A$game$480                         game
     00000A79  A$game$481                         game
     00000A7A  A$game$482                         game
     00000A7D  A$game$483                         game
     00000A7E  A$game$487                         game
     00000A7E  C$game.c$175$1_0$86                game
     00000A82  A$game$488                         game
     00000A85  A$game$489                         game
     00000A87  A$game$490                         game
     00000A88  A$game$491                         game
     00000A8A  A$game$492                         game
     00000A8B  A$game$493                         game
     00000A8C  A$game$494                         game
     00000A8E  A$game$495                         game
     00000A8F  A$game$496                         game
     00000A90  A$game$497                         game
     00000A91  A$game$498                         game
     00000A92  A$game$499                         game
     00000A93  A$game$500                         game
     00000A95  A$game$501                         game
     00000A98  A$game$504                         game
     00000A99  A$game$506                         game
     00000A9A  A$game$510                         game
     00000A9A  C$game.c$199$1_0$86                game
     00000A9C  A$game$511                         game
     00000A9E  A$game$515                         game
     00000A9E  C$game.c$200$2_0$90                game
     00000AA0  A$game$516                         game
     00000AA2  A$game$520                         game
     00000AA2  C$game.c$202$3_0$91                game
     00000AA5  A$game$521                         game
     00000AA8  A$game$522                         game
     00000AA9  A$game$523                         game
     00000AAA  A$game$524                         game
     00000AAB  A$game$525                         game
     00000AAC  A$game$526                         game
     00000AAD  A$game$527                         game
     00000AAE  A$game$528                         game
     00000AAF  A$game$529                         game
     00000AB2  A$game$530                         game
ASxxxx Linker V03.00 + NoICE + sdld,  page 22.
Hexadecimal  [32-Bits]

Area                                    Addr        Size        Decimal Bytes (Attributes)
--------------------------------        ----        ----        ------- ----- ------------
_CODE                               00000205    00001EAC =        7852. bytes (REL,CON)

      Value  Global                              Global Defined In Module
      -----  --------------------------------   ------------------------
     00000AB3  A$game$531                         game
     00000AB6  A$game$532                         game
     00000AB9  A$game$533                         game
     00000ABA  A$game$534                         game
     00000ABD  A$game$535                         game
     00000ABE  A$game$540                         game
     00000ABE  C$game.c$204$2_0$90                game
     00000AC0  A$game$541                         game
     00000AC1  A$game$546                         game
     00000AC2  A$game$547                         game
     00000AC4  A$game$552                         game
     00000AC4  C$game.c$206$1_0$86                game
     00000AC4  XG$undomove_sprites$0$0            game
     00000AC5  A$game$562                         game
     00000AC5  C$game.c$208$1_0$93                game
     00000AC5  G$move_updatelevel$0$0             game
     00000AC5  _move_updatelevel                  game
     00000AC7  A$game$563                         game
     00000ACB  A$game$564                         game
     00000ACD  A$game$565                         game
     00000ACE  A$game$566                         game
     00000ACF  A$game$567                         game
     00000AD0  A$game$571                         game
     00000AD0  C$game.c$214$1_0$93                game
     00000AD3  A$game$572                         game
     00000AD6  A$game$573                         game
     00000AD7  A$game$574                         game
     00000AD8  A$game$575                         game
     00000AD9  A$game$576                         game
     00000ADA  A$game$577                         game
     00000ADB  A$game$578                         game
     00000ADC  A$game$579                         game
     00000ADD  A$game$580                         game
     00000AE0  A$game$581                         game
     00000AE1  A$game$582                         game
     00000AE4  A$game$583                         game
     00000AE7  A$game$584                         game
     00000AEA  A$game$585                         game
     00000AED  A$game$586                         game
     00000AEE  A$game$587                         game
     00000AF1  A$game$588                         game
     00000AF2  A$game$589                         game
     00000AF3  A$game$590                         game
     00000AF6  A$game$591                         game
     00000AF7  A$game$592                         game
     00000AF8  A$game$593                         game
     00000AFB  A$game$597                         game
     00000AFB  C$game.c$215$1_0$93                game
     00000AFE  A$game$598                         game
     00000B01  A$game$599                         game
     00000B02  A$game$600                         game
ASxxxx Linker V03.00 + NoICE + sdld,  page 23.
Hexadecimal  [32-Bits]

Area                                    Addr        Size        Decimal Bytes (Attributes)
--------------------------------        ----        ----        ------- ----- ------------
_CODE                               00000205    00001EAC =        7852. bytes (REL,CON)

      Value  Global                              Global Defined In Module
      -----  --------------------------------   ------------------------
     00000B03  A$game$601                         game
     00000B04  A$game$602                         game
     00000B05  A$game$603                         game
     00000B06  A$game$604                         game
     00000B07  A$game$605                         game
     00000B08  A$game$606                         game
     00000B0B  A$game$607                         game
     00000B0C  A$game$608                         game
     00000B0F  A$game$609                         game
     00000B12  A$game$610                         game
     00000B13  A$game$611                         game
     00000B14  A$game$612                         game
     00000B15  A$game$613                         game
     00000B18  A$game$617                         game
     00000B18  C$game.c$217$1_0$93                game
     00000B1B  A$game$618                         game
     00000B1D  A$game$619                         game
     00000B1F  A$game$620                         game
     00000B22  A$game$623                         game
     00000B23  A$game$625                         game
     00000B26  A$game$626                         game
     00000B29  A$game$627                         game
     00000B2B  A$game$628                         game
     00000B2D  A$game$629                         game
     00000B30  A$game$630                         game
     00000B31  A$game$631                         game
     00000B33  A$game$632                         game
     00000B35  A$game$640                         game
     00000B35  C$game.c$218$2_0$94                game
     00000B35  C$game.c$219$2_0$94                game
     00000B37  A$game$644                         game
     00000B37  C$game.c$220$2_0$94                game
     00000B38  A$game$645                         game
     00000B3A  A$game$646                         game
     00000B3B  A$game$647                         game
     00000B3C  A$game$651                         game
     00000B3C  C$game.c$221$2_0$94                game
     00000B3E  A$game$659                         game
     00000B3E  C$game.c$222$2_0$94                game
     00000B3E  C$game.c$223$2_0$94                game
     00000B40  A$game$663                         game
     00000B40  C$game.c$224$2_0$94                game
     00000B41  A$game$664                         game
     00000B43  A$game$665                         game
     00000B44  A$game$666                         game
     00000B45  A$game$670                         game
     00000B45  C$game.c$225$2_0$94                game
     00000B47  A$game$678                         game
     00000B47  C$game.c$226$2_0$94                game
     00000B47  C$game.c$227$2_0$94                game
     00000B48  A$game$686                         game
ASxxxx Linker V03.00 + NoICE + sdld,  page 24.
Hexadecimal  [32-Bits]

Area                                    Addr        Size        Decimal Bytes (Attributes)
--------------------------------        ----        ----        ------- ----- ------------
_CODE                               00000205    00001EAC =        7852. bytes (REL,CON)

      Value  Global                              Global Defined In Module
      -----  --------------------------------   ------------------------
     00000B48  C$game.c$229$1_0$93                game
     00000B48  C$game.c$230$1_0$93                game
     00000B4A  A$game$687                         game
     00000B4C  A$game$694                         game
     00000B4C  C$game.c$231$2_0$95                game
     00000B4C  C$game.c$237$1_0$93                game
     00000B4F  A$game$695                         game
     00000B51  A$game$696                         game
     00000B53  A$game$697                         game
     00000B56  A$game$698                         game
     00000B58  A$game$699                         game
     00000B5A  A$game$700                         game
     00000B5C  A$game$708                         game
     00000B5C  C$game.c$232$3_0$96                game
     00000B5C  C$game.c$233$3_0$96                game
     00000B5E  A$game$709                         game
     00000B5F  A$game$713                         game
     00000B5F  C$game.c$234$3_0$96                game
     00000B61  A$game$721                         game
     00000B61  C$game.c$235$3_0$96                game
     00000B61  C$game.c$236$3_0$96                game
     00000B63  A$game$722                         game
     00000B64  A$game$726                         game
     00000B64  C$game.c$237$3_0$96                game
     00000B67  A$game$727                         game
     00000B68  A$game$728                         game
     00000B6B  A$game$736                         game
     00000B6B  C$game.c$241$2_0$95                game
     00000B6B  C$game.c$242$2_0$95                game
     00000B6E  A$game$737                         game
     00000B70  A$game$738                         game
     00000B72  A$game$739                         game
     00000B75  A$game$740                         game
     00000B77  A$game$741                         game
     00000B79  A$game$742                         game
     00000B7C  A$game$743                         game
     00000B7D  A$game$744                         game
     00000B7F  A$game$745                         game
     00000B81  A$game$753                         game
     00000B81  C$game.c$243$3_0$97                game
     00000B81  C$game.c$244$3_0$97                game
     00000B83  A$game$754                         game
     00000B84  A$game$758                         game
     00000B84  C$game.c$245$3_0$97                game
     00000B86  A$game$766                         game
     00000B86  C$game.c$246$3_0$97                game
     00000B86  C$game.c$247$3_0$97                game
     00000B88  A$game$767                         game
     00000B89  A$game$771                         game
     00000B89  C$game.c$248$3_0$97                game
     00000B8C  A$game$772                         game
ASxxxx Linker V03.00 + NoICE + sdld,  page 25.
Hexadecimal  [32-Bits]

Area                                    Addr        Size        Decimal Bytes (Attributes)
--------------------------------        ----        ----        ------- ----- ------------
_CODE                               00000205    00001EAC =        7852. bytes (REL,CON)

      Value  Global                              Global Defined In Module
      -----  --------------------------------   ------------------------
     00000B8D  A$game$773                         game
     00000B90  A$game$777                         game
     00000B90  C$game.c$249$3_0$97                game
     00000B92  A$game$785                         game
     00000B92  C$game.c$250$3_0$97                game
     00000B92  C$game.c$251$3_0$97                game
[...]
     000012D2  A$game$2273                        game
     000012D3  A$game$2274                        game
     000012D4  A$game$2275                        game
     000012D5  A$game$2276                        game
     000012D7  A$game$2280                        game
     000012D7  C$game.c$606$5_0$132               game
     000012D8  A$game$2281                        game
     000012D9  A$game$2282                        game
     000012DA  A$game$2283                        game
     000012DB  A$game$2284                        game
     000012DE  A$game$2288                        game
     000012DE  C$game.c$607$2_0$128               game
     000012E1  A$game$2289                        game
     000012E4  A$game$2290                        game
     000012E5  A$game$2291                        game
     000012E7  A$game$2295                        game
     000012E7  C$game.c$608$5_0$132               game
ASxxxx Linker V03.00 + NoICE + sdld,  page 45.
Hexadecimal  [32-Bits]

Area                                    Addr        Size        Decimal Bytes (Attributes)
--------------------------------        ----        ----        ------- ----- ------------
_CODE                               00000205    00001EAC =        7852. bytes (REL,CON)

      Value  Global                              Global Defined In Module
      -----  --------------------------------   ------------------------
     000012EA  A$game$2296                        game
     000012EC  A$game$2297                        game
     000012EE  A$game$2298                        game
     000012F1  A$game$2299                        game
     000012F3  A$game$2300                        game
     000012F5  A$game$2301                        game
     000012F8  A$game$2302                        game
     000012FA  A$game$2303                        game
     000012FC  A$game$2304                        game
     000012FF  A$game$2305                        game
     00001301  A$game$2306                        game
     00001303  A$game$2307                        game
     00001306  A$game$2308                        game
     00001308  A$game$2309                        game
     0000130A  A$game$2310                        game
     0000130B  A$game$2314                        game
     0000130B  C$game.c$617$6_0$133               game
     0000130D  A$game$2322                        game
     0000130D  C$game.c$619$6_0$133               game
     0000130D  C$game.c$628$6_0$133               game
     00001311  A$game$2323                        game
     00001314  A$game$2324                        game
     00001315  A$game$2328                        game
     00001315  C$game.c$629$6_0$133               game
     00001318  A$game$2336                        game
     00001318  C$game.c$605$4_0$131               game
     00001318  C$game.c$642$5_0$132               game
     00001319  A$game$2337                        game
     0000131B  A$game$2342                        game
     0000131B  C$game.c$603$2_0$129               game
     0000131C  A$game$2343                        game
     0000131F  A$game$2348                        game
     00001321  A$game$2349                        game
     00001323  A$game$2354                        game
     00001323  C$game.c$649$2_0$128               game
     00001323  XG$game_displayLevel$0$0           game
     00001324  A$game$2364                        game
     00001324  C$game.c$651$2_0$136               game
     00001324  G$game_displayMinimap$0$0          game
     00001324  _game_displayMinimap               game
     00001326  A$game$2365                        game
     0000132A  A$game$2366                        game
     0000132C  A$game$2367                        game
     0000132D  A$game$2368                        game
     0000132E  A$game$2372                        game
     0000132E  C$game.c$655$1_0$136               game
     00001331  A$game$2373                        game
     00001332  A$game$2374                        game
     00001335  A$game$2378                        game
     00001335  C$game.c$656$1_0$136               game
     00001338  A$game$2379                        game
ASxxxx Linker V03.00 + NoICE + sdld,  page 46.
Hexadecimal  [32-Bits]

Area                                    Addr        Size        Decimal Bytes (Attributes)
--------------------------------        ----        ----        ------- ----- ------------
_CODE                               00000205    00001EAC =        7852. bytes (REL,CON)

      Value  Global                              Global Defined In Module
      -----  --------------------------------   ------------------------
     00001339  A$game$2380                        game
     0000133C  A$game$2384                        game
     0000133C  C$game.c$659$1_0$136               game
     0000133E  A$game$2385                        game
     00001341  A$game$2386                        game
     00001342  A$game$2387                        game
     00001344  A$game$2388                        game
     00001345  A$game$2389                        game
     00001346  A$game$2390                        game
     00001348  A$game$2394                        game
     00001348  C$game.c$660$1_0$136               game
     0000134A  A$game$2395                        game
     0000134D  A$game$2396                        game
     0000134E  A$game$2397                        game
     00001350  A$game$2398                        game
     00001351  A$game$2399                        game
     00001352  A$game$2400                        game
     00001354  A$game$2404                        game
     00001354  C$game.c$663$5_0$140               game
     00001357  A$game$2406                        game
     0000135A  A$game$2407                        game
     0000135C  A$game$2408                        game
     0000135D  A$game$2409                        game
     0000135E  A$game$2410                        game
     0000135F  A$game$2411                        game
     00001360  A$game$2412                        game
     00001362  A$game$2416                        game
     00001362  C$game.c$665$5_0$140               game
     00001363  A$game$2417                        game
     00001364  A$game$2418                        game
     00001365  A$game$2419                        game
     00001366  A$game$2420                        game
     00001367  A$game$2421                        game
     00001368  A$game$2422                        game
     00001369  A$game$2423                        game
     0000136A  A$game$2424                        game
     0000136B  A$game$2425                        game
     0000136E  A$game$2426                        game
     0000136F  A$game$2427                        game
     00001370  A$game$2428                        game
     00001373  A$game$2430                        game
     00001376  A$game$2431                        game
     00001378  A$game$2432                        game
     00001379  A$game$2433                        game
     0000137A  A$game$2434                        game
     0000137B  A$game$2435                        game
     0000137C  A$game$2436                        game
     0000137E  A$game$2440                        game
     0000137E  C$game.c$666$5_0$140               game
     0000137F  A$game$2441                        game
     00001380  A$game$2442                        game
ASxxxx Linker V03.00 + NoICE + sdld,  page 47.
Hexadecimal  [32-Bits]

Area                                    Addr        Size        Decimal Bytes (Attributes)
--------------------------------        ----        ----        ------- ----- ------------
_CODE                               00000205    00001EAC =        7852. bytes (REL,CON)

      Value  Global                              Global Defined In Module
      -----  --------------------------------   ------------------------
     00001381  A$game$2443                        game
     00001382  A$game$2447                        game
     00001382  C$game.c$667$5_0$140               game
     00001384  A$game$2448                        game
     00001386  A$game$2449                        game
     00001388  A$game$2450                        game
     0000138A  A$game$2451                        game
     0000138C  A$game$2452                        game
     0000138E  A$game$2453                        game
     0000138F  A$game$2462                        game
     0000138F  C$game.c$665$4_0$139               game
     0000138F  C$game.c$692$5_0$140               game
     00001390  A$game$2463                        game
     00001392  A$game$2468                        game
     00001392  C$game.c$663$2_0$137               game
     00001393  A$game$2469                        game
     00001395  A$game$2474                        game
     00001397  A$game$2475                        game
     00001399  A$game$2480                        game
     00001399  C$game.c$697$2_0$136               game
     00001399  XG$game_displayMinimap$0$0         game
     0000139A  A$game$2490                        game
     0000139A  C$game.c$699$2_0$143               game
     0000139A  G$game_initLevel$0$0               game
     0000139A  _game_initLevel                    game
     0000139C  A$game$2491                        game
     000013A0  A$game$2492                        game
     000013A2  A$game$2496                        game
     000013A2  C$game.c$700$1_0$143               game
     000013A5  A$game$2497                        game
     000013A6  A$game$2498                        game
     000013A7  A$game$2499                        game
     000013A9  A$game$2500                        game
     000013AB  A$game$2502                        game
     000013AD  A$game$2503                        game
     000013AE  A$game$2505                        game
     000013B0  A$game$2506                        game
     000013B1  A$game$2507                        game
     000013B3  A$game$2511                        game
     000013B3  C$game.c$701$1_0$143               game
     000013B6  A$game$2512                        game
     000013B8  A$game$2513                        game
     000013B9  A$game$2514                        game
     000013BA  A$game$2515                        game
     000013BB  A$game$2516                        game
     000013BC  A$game$2517                        game
     000013BD  A$game$2518                        game
     000013BE  A$game$2519                        game
     000013BF  A$game$2520                        game
     000013C0  A$game$2521                        game
     000013C1  A$game$2522                        game
ASxxxx Linker V03.00 + NoICE + sdld,  page 48.
Hexadecimal  [32-Bits]

Area                                    Addr        Size        Decimal Bytes (Attributes)
--------------------------------        ----        ----        ------- ----- ------------
_CODE                               00000205    00001EAC =        7852. bytes (REL,CON)

      Value  Global                              Global Defined In Module
      -----  --------------------------------   ------------------------
     000013C2  A$game$2523                        game
     000013C3  A$game$2524                        game
     000013C4  A$game$2525                        game
     000013C5  A$game$2526                        game
     000013C6  A$game$2527                        game
     000013C9  A$game$2528                        game
     000013CB  A$game$2532                        game
     000013CB  C$game.c$703$1_0$143               game
     000013CE  A$game$2533                        game
     000013D0  A$game$2537                        game
     000013D0  C$game.c$704$1_0$143               game
     000013D3  A$game$2538                        game
     000013D5  A$game$2542                        game
     000013D7  A$game$2547                        game
     000013D7  C$game.c$705$1_0$143               game
     000013D7  XG$game_initLevel$0$0              game
     000013D8  _abs                               
     000013E4  _puts                              puts
     0000140A  _strcat                            _strcat
     00001442  _vprintf                           vprintf
     00001462  _printf                            vprintf
     0000147F  _strlen                            
     0000148E  __modschar                         
     0000149B  __modsint                          
     000014A7  __divsint                          
     000014B0  __divschar                         
     000014B7  __div8                             
     000014BB  __div_signexte                     
     000014BF  __div16                            
     000014E5  __get_remainder                    
     0000160A  __print_format                     printf_large
     0000206F  __divuint                          
     00002077  __divuchar                         
     0000207E  __divu8                            
     00002081  __divu16                           
     000020B0  ___sdcc_call_hl                    

ASxxxx Linker V03.00 + NoICE + sdld,  page 49.
Hexadecimal  [32-Bits]

Area                                    Addr        Size        Decimal Bytes (Attributes)
--------------------------------        ----        ----        ------- ----- ------------
_GSINIT                             000020B1    0000000F =          15. bytes (REL,CON)

      Value  Global                              Global Defined In Module
      -----  --------------------------------   ------------------------
ASxxxx Linker V03.00 + NoICE + sdld,  page 50.
Hexadecimal  [32-Bits]

Area                                    Addr        Size        Decimal Bytes (Attributes)
--------------------------------        ----        ----        ------- ----- ------------
_GSFINAL                            000020C0    00000001 =           1. bytes (REL,CON)

      Value  Global                              Global Defined In Module
      -----  --------------------------------   ------------------------
ASxxxx Linker V03.00 + NoICE + sdld,  page 51.
Hexadecimal  [32-Bits]

Area                                    Addr        Size        Decimal Bytes (Attributes)
--------------------------------        ----        ----        ------- ----- ------------
_INITIALIZER                        000020C1    000000C0 =         192. bytes (REL,CON)

      Value  Global                              Global Defined In Module
      -----  --------------------------------   ------------------------
     000020C1  Fgame$__xinit_player_data$0_0$0    game
     000020E1  Fgame$__xinit_box_data$0_0$0       game
     00002101  Fgame$__xinit_goal_data$0_0$0      game
     00002121  Fgame$__xinit_box_ongoal_data$0_   game
     00002141  Fgame$__xinit_wall_data$0_0$0      game
     00002161  Fgame$__xinit_floor_data$0_0$0     game
ASxxxx Linker V03.00 + NoICE + sdld,  page 52.
Hexadecimal  [32-Bits]

Area                                    Addr        Size        Decimal Bytes (Attributes)
--------------------------------        ----        ----        ------- ----- ------------
_INITIALIZED                        00002181    000000C0 =         192. bytes (REL,CON)

      Value  Global                              Global Defined In Module
      -----  --------------------------------   ------------------------
     00002181  G$player_data$0_0$0                game
     00002181  _player_data                       game
     000021A1  G$box_data$0_0$0                   game
     000021A1  _box_data                          game
     000021C1  G$goal_data$0_0$0                  game
     000021C1  _goal_data                         game
     000021E1  G$box_ongoal_data$0_0$0            game
     000021E1  _box_ongoal_data                   game
     00002201  G$wall_data$0_0$0                  game
     00002201  _wall_data                         game
     00002221  G$floor_data$0_0$0                 game
     00002221  _floor_data                        game
ASxxxx Linker V03.00 + NoICE + sdld,  page 53.
Hexadecimal  [32-Bits]

Area                                    Addr        Size        Decimal Bytes (Attributes)
--------------------------------        ----        ----        ------- ----- ------------
_DATA                               00002000    0000076A =        1898. bytes (REL,CON)

      Value  Global                              Global Defined In Module
      -----  --------------------------------   ------------------------
     00002000  G$console$0_0$0                    console
     00002000  _console                           console
     00002002  G$con_timer_counter$0_0$0          console
     00002002  _con_timer_counter                 console
     00002006  G$con_timer_ms$0_0$0               console
     00002006  _con_timer_ms                      console
     00002008  G$undomove$0_0$0                   game
     00002008  _undomove                          game
     00002108  G$undo_head$0_0$0                  game
     00002108  _undo_head                         game
     00002109  G$num_undomoves$0_0$0              game
     00002109  _num_undomoves                     game
     0000210A  G$bitmapbuffer$0_0$0               game
     0000210A  _bitmapbuffer                      game
     0000250A  G$sprites$0_0$0                    game
     0000250A  _sprites                           game
     00002636  G$currentlevel$0_0$0               game
     00002636  _currentlevel                      game
     00002769  G$spritenumber$0_0$0               game
     00002769  _spritenumber                      game

ASxxxx Linker V03.00 + NoICE + sdld,  page 54.
Hexadecimal  [32-Bits]

Area                                    Addr        Size        Decimal Bytes (Attributes)
--------------------------------        ----        ----        ------- ----- ------------
_BSS                                0000276A    00000802 =        2050. bytes (REL,CON)

      Value  Global                              Global Defined In Module
      -----  --------------------------------   ------------------------
     00002F6C  __stack                            crt0

ASxxxx Linker V03.00 + NoICE + sdld,  page 55.
Hexadecimal  [32-Bits]

Area                                    Addr        Size        Decimal Bytes (Attributes)
--------------------------------        ----        ----        ------- ----- ------------
_HEAP                               00002F6C    00000000 =           0. bytes (REL,CON)

      Value  Global                              Global Defined In Module
      -----  --------------------------------   ------------------------
     00002F6C  __heap                             crt0

ASxxxx Linker V03.00 + NoICE + sdld,  page 56.

Files Linked                              [ module(s) ]

crt0.rel                                  [ crt0 ]
main.rel                                  [ main ]
console.rel                               [ console ]
game.rel                                  [ game ]


Libraries Linked                          [ object file ]

libsdcc-z80/z80.lib                       [ abs.rel ]
libsdcc-z80/z80.lib                       [ puts.rel ]
libsdcc-z80/z80.lib                       [ _strcat.rel ]
libsdcc-z80/z80.lib                       [ vprintf.rel ]
libsdcc-z80/z80.lib                       [ strlen.rel ]
libsdcc-z80/z80.lib                       [ modsigned.rel ]
libsdcc-z80/z80.lib                       [ divsigned.rel ]
libsdcc-z80/z80.lib                       [ printf_large.rel ]
libsdcc-z80/z80.lib                       [ divunsigned.rel ]
libsdcc-z80/z80.lib                       [ __sdcc_call_hl.rel ]

ASxxxx Linker V03.00 + NoICE + sdld,  page 57.

User Base Address Definitions

_CODE = 0x0205
_DATA = 0x2000

